Aug 31 13:58:50 openeuler-riscv64 kernel: Linux version 6.4.0-1.0.0.4.oe2309.riscv64 (abuild@sg2042-evb) (gcc_old (GCC) 12.3.1 20230508 (openEuler 12.3.1-4.oe2309), GNU ld (GNU Binutils) 2.37) #1 SMP Wed Jul 26 14:45:48 UTC 2023
Aug 31 13:58:50 openeuler-riscv64 kernel: random: crng init done
Aug 31 13:58:50 openeuler-riscv64 kernel: Machine model: riscv-virtio,qemu
Aug 31 13:58:50 openeuler-riscv64 kernel: earlycon: ns16550a0 at MMIO 0x0000000010000000 (options '')
Aug 31 13:58:50 openeuler-riscv64 kernel: printk: bootconsole [ns16550a0] enabled
Aug 31 13:58:50 openeuler-riscv64 kernel: Disabled 4-level and 5-level paging
Aug 31 13:58:50 openeuler-riscv64 kernel: efi: UEFI not found.
Aug 31 13:58:50 openeuler-riscv64 kernel: OF: reserved mem: 0x0000000080000000..0x000000008003ffff (256 KiB) map non-reusable mmode_resv0@80000000
Aug 31 13:58:50 openeuler-riscv64 kernel: cma: Reserved 64 MiB at 0x00000000fb600000
Aug 31 13:58:50 openeuler-riscv64 kernel: NUMA: No NUMA configuration found
Aug 31 13:58:50 openeuler-riscv64 kernel: NUMA: Faking a node at [mem 0x0000000080000000-0x000000017fffffff]
Aug 31 13:58:50 openeuler-riscv64 kernel: NUMA: NODE_DATA [mem 0x17ffed340-0x17fff1fff]
Aug 31 13:58:50 openeuler-riscv64 kernel: Zone ranges:
Aug 31 13:58:50 openeuler-riscv64 kernel:   DMA32    [mem 0x0000000080000000-0x00000000ffffffff]
Aug 31 13:58:50 openeuler-riscv64 kernel:   Normal   [mem 0x0000000100000000-0x000000017fffffff]
Aug 31 13:58:50 openeuler-riscv64 kernel: Movable zone start for each node
Aug 31 13:58:50 openeuler-riscv64 kernel: Early memory node ranges
Aug 31 13:58:50 openeuler-riscv64 kernel:   node   0: [mem 0x0000000080000000-0x000000017fffffff]
Aug 31 13:58:50 openeuler-riscv64 kernel: Initmem setup node 0 [mem 0x0000000080000000-0x000000017fffffff]
Aug 31 13:58:50 openeuler-riscv64 kernel: SBI specification v1.0 detected
Aug 31 13:58:50 openeuler-riscv64 kernel: SBI implementation ID=0x1 Version=0x10002
Aug 31 13:58:50 openeuler-riscv64 kernel: SBI TIME extension detected
Aug 31 13:58:50 openeuler-riscv64 kernel: SBI IPI extension detected
Aug 31 13:58:50 openeuler-riscv64 kernel: SBI RFENCE extension detected
Aug 31 13:58:50 openeuler-riscv64 kernel: SBI SRST extension detected
Aug 31 13:58:50 openeuler-riscv64 kernel: SBI HSM extension detected
Aug 31 13:58:50 openeuler-riscv64 kernel: riscv: base ISA extensions acdfhim
Aug 31 13:58:50 openeuler-riscv64 kernel: riscv: ELF capabilities acdfim
Aug 31 13:58:50 openeuler-riscv64 kernel: percpu: cpu 0 has no node -1 or node-local memory
Aug 31 13:58:50 openeuler-riscv64 kernel: percpu: Embedded 29 pages/cpu s81640 r8192 d28952 u118784
Aug 31 13:58:50 openeuler-riscv64 kernel: pcpu-alloc: s81640 r8192 d28952 u118784 alloc=29*4096
Aug 31 13:58:50 openeuler-riscv64 kernel: pcpu-alloc: [0] 0 [0] 1 [0] 2 [0] 3 
Aug 31 13:58:50 openeuler-riscv64 kernel: Kernel command line: root=/dev/vda2 rw console=ttyS0 systemd.default_timeout_start_sec=600 selinux=0 highres=off earlycon no4lvl
Aug 31 13:58:50 openeuler-riscv64 kernel: Dentry cache hash table entries: 524288 (order: 10, 4194304 bytes, linear)
Aug 31 13:58:50 openeuler-riscv64 kernel: Inode-cache hash table entries: 262144 (order: 9, 2097152 bytes, linear)
Aug 31 13:58:50 openeuler-riscv64 kernel: Fallback order for Node 0: 0 
Aug 31 13:58:50 openeuler-riscv64 kernel: Built 1 zonelists, mobility grouping on.  Total pages: 1032192
Aug 31 13:58:50 openeuler-riscv64 kernel: Policy zone: Normal
Aug 31 13:58:50 openeuler-riscv64 kernel: mem auto-init: stack:off, heap alloc:off, heap free:off
Aug 31 13:58:50 openeuler-riscv64 kernel: stackdepot: allocating hash table via alloc_large_system_hash
Aug 31 13:58:50 openeuler-riscv64 kernel: stackdepot hash table entries: 262144 (order: 9, 2097152 bytes, linear)
Aug 31 13:58:50 openeuler-riscv64 kernel: software IO TLB: area num 4.
Aug 31 13:58:50 openeuler-riscv64 kernel: software IO TLB: mapped [mem 0x00000000f7600000-0x00000000fb600000] (64MB)
Aug 31 13:58:50 openeuler-riscv64 kernel: Virtual kernel memory layout:
Aug 31 13:58:50 openeuler-riscv64 kernel:       fixmap : 0xffffffc6fea00000 - 0xffffffc6ff000000   (6144 kB)
Aug 31 13:58:50 openeuler-riscv64 kernel:       pci io : 0xffffffc6ff000000 - 0xffffffc700000000   (  16 MB)
Aug 31 13:58:50 openeuler-riscv64 kernel:      vmemmap : 0xffffffc700000000 - 0xffffffc800000000   (4096 MB)
Aug 31 13:58:50 openeuler-riscv64 kernel:      vmalloc : 0xffffffc800000000 - 0xffffffd800000000   (  64 GB)
Aug 31 13:58:50 openeuler-riscv64 kernel:      modules : 0xffffffff0259b000 - 0xffffffff80000000   (2010 MB)
Aug 31 13:58:50 openeuler-riscv64 kernel:       lowmem : 0xffffffd800000000 - 0xffffffd900000000   (4096 MB)
Aug 31 13:58:50 openeuler-riscv64 kernel:       kernel : 0xffffffff80000000 - 0xffffffffffffffff   (2047 MB)
Aug 31 13:58:50 openeuler-riscv64 kernel: Memory: 3932496K/4194304K available (11916K kernel code, 8858K rwdata, 10240K rodata, 2662K init, 4455K bss, 196272K reserved, 65536K cma-reserved)
Aug 31 13:58:50 openeuler-riscv64 kernel: SLUB: HWalign=64, Order=0-3, MinObjects=0, CPUs=4, Nodes=1
Aug 31 13:58:50 openeuler-riscv64 kernel: ftrace: allocating 43696 entries in 171 pages
Aug 31 13:58:50 openeuler-riscv64 kernel: ftrace: allocated 171 pages with 5 groups
Aug 31 13:58:50 openeuler-riscv64 kernel: trace event string verifier disabled
Aug 31 13:58:50 openeuler-riscv64 kernel: rcu: Hierarchical RCU implementation.
Aug 31 13:58:50 openeuler-riscv64 kernel: rcu:         RCU restricting CPUs from NR_CPUS=512 to nr_cpu_ids=4.
Aug 31 13:58:50 openeuler-riscv64 kernel:         Rude variant of Tasks RCU enabled.
Aug 31 13:58:50 openeuler-riscv64 kernel:         Tracing variant of Tasks RCU enabled.
Aug 31 13:58:50 openeuler-riscv64 kernel: rcu: RCU calculated value of scheduler-enlistment delay is 25 jiffies.
Aug 31 13:58:50 openeuler-riscv64 kernel: rcu: Adjusting geometry for rcu_fanout_leaf=16, nr_cpu_ids=4
Aug 31 13:58:50 openeuler-riscv64 kernel: NR_IRQS: 64, nr_irqs: 64, preallocated irqs: 0
Aug 31 13:58:50 openeuler-riscv64 kernel: riscv-intc: 64 local interrupts mapped
Aug 31 13:58:50 openeuler-riscv64 kernel: plic: plic@c000000: mapped 95 interrupts with 4 handlers for 8 contexts.
Aug 31 13:58:50 openeuler-riscv64 kernel: riscv: providing IPIs using SBI IPI extension
Aug 31 13:58:50 openeuler-riscv64 kernel: rcu: srcu_init: Setting srcu_struct sizes based on contention.
Aug 31 13:58:50 openeuler-riscv64 kernel: riscv-timer: riscv_timer_init_dt: Registering clocksource cpuid [0] hartid [2]
Aug 31 13:58:50 openeuler-riscv64 kernel: clocksource: riscv_clocksource: mask: 0xffffffffffffffff max_cycles: 0x24e6a1710, max_idle_ns: 440795202120 ns
Aug 31 13:58:50 openeuler-riscv64 kernel: sched_clock: 64 bits at 10MHz, resolution 100ns, wraps every 4398046511100ns
Aug 31 13:58:50 openeuler-riscv64 kernel: riscv-timer: Timer interrupt in S-mode is available via sstc extension
Aug 31 13:58:50 openeuler-riscv64 kernel: Console: colour dummy device 80x25
Aug 31 13:58:50 openeuler-riscv64 kernel: Calibrating delay loop (skipped), value calculated using timer frequency.. 20.00 BogoMIPS (lpj=40000)
Aug 31 13:58:50 openeuler-riscv64 kernel: pid_max: default: 32768 minimum: 301
Aug 31 13:58:50 openeuler-riscv64 kernel: LSM: initializing lsm=lockdown,capability,yama,apparmor,integrity
Aug 31 13:58:50 openeuler-riscv64 kernel: Yama: becoming mindful.
Aug 31 13:58:50 openeuler-riscv64 kernel: AppArmor: AppArmor initialized
Aug 31 13:58:50 openeuler-riscv64 kernel: Mount-cache hash table entries: 8192 (order: 4, 65536 bytes, linear)
Aug 31 13:58:50 openeuler-riscv64 kernel: Mountpoint-cache hash table entries: 8192 (order: 4, 65536 bytes, linear)
Aug 31 13:58:50 openeuler-riscv64 kernel: cblist_init_generic: Setting adjustable number of callback queues.
Aug 31 13:58:50 openeuler-riscv64 kernel: cblist_init_generic: Setting shift to 2 and lim to 1.
Aug 31 13:58:50 openeuler-riscv64 kernel: cblist_init_generic: Setting shift to 2 and lim to 1.
Aug 31 13:58:50 openeuler-riscv64 kernel: riscv: ELF compat mode supported
Aug 31 13:58:50 openeuler-riscv64 kernel: ASID allocator using 16 bits (65536 entries)
Aug 31 13:58:50 openeuler-riscv64 kernel: rcu: Hierarchical SRCU implementation.
Aug 31 13:58:50 openeuler-riscv64 kernel: rcu:         Max phase no-delay instances is 1000.
Aug 31 13:58:50 openeuler-riscv64 kernel: EFI services will not be available.
Aug 31 13:58:50 openeuler-riscv64 kernel: smp: Bringing up secondary CPUs ...
Aug 31 13:58:50 openeuler-riscv64 kernel: smp: Brought up 1 node, 4 CPUs
Aug 31 13:58:50 openeuler-riscv64 kernel: devtmpfs: initialized
Aug 31 13:58:50 openeuler-riscv64 kernel: clocksource: jiffies: mask: 0xffffffff max_cycles: 0xffffffff, max_idle_ns: 7645041785100000 ns
Aug 31 13:58:50 openeuler-riscv64 kernel: futex hash table entries: 1024 (order: 4, 65536 bytes, linear)
Aug 31 13:58:50 openeuler-riscv64 kernel: pinctrl core: initialized pinctrl subsystem
Aug 31 13:58:50 openeuler-riscv64 kernel: NET: Registered PF_NETLINK/PF_ROUTE protocol family
Aug 31 13:58:50 openeuler-riscv64 kernel: DMA: preallocated 512 KiB GFP_KERNEL pool for atomic allocations
Aug 31 13:58:50 openeuler-riscv64 kernel: DMA: preallocated 512 KiB GFP_KERNEL|GFP_DMA32 pool for atomic allocations
Aug 31 13:58:50 openeuler-riscv64 kernel: audit: initializing netlink subsys (disabled)
Aug 31 13:58:50 openeuler-riscv64 kernel: audit: type=2000 audit(0.100:1): state=initialized audit_enabled=0 res=1
Aug 31 13:58:50 openeuler-riscv64 kernel: thermal_sys: Registered thermal governor 'fair_share'
Aug 31 13:58:50 openeuler-riscv64 kernel: thermal_sys: Registered thermal governor 'step_wise'
Aug 31 13:58:50 openeuler-riscv64 kernel: thermal_sys: Registered thermal governor 'user_space'
Aug 31 13:58:50 openeuler-riscv64 kernel: cpuidle: using governor menu
Aug 31 13:58:50 openeuler-riscv64 kernel: HugeTLB: registered 1.00 GiB page size, pre-allocated 0 pages
Aug 31 13:58:50 openeuler-riscv64 kernel: HugeTLB: 16380 KiB vmemmap can be freed for a 1.00 GiB page
Aug 31 13:58:50 openeuler-riscv64 kernel: HugeTLB: registered 2.00 MiB page size, pre-allocated 0 pages
Aug 31 13:58:50 openeuler-riscv64 kernel: HugeTLB: 28 KiB vmemmap can be freed for a 2.00 MiB page
Aug 31 13:58:50 openeuler-riscv64 kernel: iommu: Default domain type: Translated 
Aug 31 13:58:50 openeuler-riscv64 kernel: iommu: DMA domain TLB invalidation policy: strict mode 
Aug 31 13:58:50 openeuler-riscv64 kernel: SCSI subsystem initialized
Aug 31 13:58:50 openeuler-riscv64 kernel: libata version 3.00 loaded.
Aug 31 13:58:50 openeuler-riscv64 kernel: usbcore: registered new interface driver usbfs
Aug 31 13:58:50 openeuler-riscv64 kernel: usbcore: registered new interface driver hub
Aug 31 13:58:50 openeuler-riscv64 kernel: usbcore: registered new device driver usb
Aug 31 13:58:50 openeuler-riscv64 kernel: pps_core: LinuxPPS API ver. 1 registered
Aug 31 13:58:50 openeuler-riscv64 kernel: pps_core: Software ver. 5.3.6 - Copyright 2005-2007 Rodolfo Giometti <giometti@linux.it>
Aug 31 13:58:50 openeuler-riscv64 kernel: PTP clock support registered
Aug 31 13:58:50 openeuler-riscv64 kernel: EDAC MC: Ver: 3.0.0
Aug 31 13:58:50 openeuler-riscv64 kernel: NetLabel: Initializing
Aug 31 13:58:50 openeuler-riscv64 kernel: NetLabel:  domain hash size = 128
Aug 31 13:58:50 openeuler-riscv64 kernel: NetLabel:  protocols = UNLABELED CIPSOv4 CALIPSO
Aug 31 13:58:50 openeuler-riscv64 kernel: NetLabel:  unlabeled traffic allowed by default
Aug 31 13:58:50 openeuler-riscv64 kernel: vgaarb: loaded
Aug 31 13:58:50 openeuler-riscv64 kernel: clocksource: Switched to clocksource riscv_clocksource
Aug 31 13:58:50 openeuler-riscv64 kernel: VFS: Disk quotas dquot_6.6.0
Aug 31 13:58:50 openeuler-riscv64 kernel: VFS: Dquot-cache hash table entries: 512 (order 0, 4096 bytes)
Aug 31 13:58:50 openeuler-riscv64 kernel: AppArmor: AppArmor Filesystem Enabled
Aug 31 13:58:50 openeuler-riscv64 kernel: NET: Registered PF_INET protocol family
Aug 31 13:58:50 openeuler-riscv64 kernel: IP idents hash table entries: 65536 (order: 7, 524288 bytes, linear)
Aug 31 13:58:50 openeuler-riscv64 kernel: tcp_listen_portaddr_hash hash table entries: 2048 (order: 3, 32768 bytes, linear)
Aug 31 13:58:50 openeuler-riscv64 kernel: Table-perturb hash table entries: 65536 (order: 6, 262144 bytes, linear)
Aug 31 13:58:50 openeuler-riscv64 kernel: TCP established hash table entries: 32768 (order: 6, 262144 bytes, linear)
Aug 31 13:58:50 openeuler-riscv64 kernel: TCP bind hash table entries: 32768 (order: 8, 1048576 bytes, linear)
Aug 31 13:58:50 openeuler-riscv64 kernel: TCP: Hash tables configured (established 32768 bind 32768)
Aug 31 13:58:50 openeuler-riscv64 kernel: UDP hash table entries: 2048 (order: 4, 65536 bytes, linear)
Aug 31 13:58:50 openeuler-riscv64 kernel: UDP-Lite hash table entries: 2048 (order: 4, 65536 bytes, linear)
Aug 31 13:58:50 openeuler-riscv64 kernel: NET: Registered PF_UNIX/PF_LOCAL protocol family
Aug 31 13:58:50 openeuler-riscv64 kernel: RPC: Registered named UNIX socket transport module.
Aug 31 13:58:50 openeuler-riscv64 kernel: RPC: Registered udp transport module.
Aug 31 13:58:50 openeuler-riscv64 kernel: RPC: Registered tcp transport module.
Aug 31 13:58:50 openeuler-riscv64 kernel: RPC: Registered tcp NFSv4.1 backchannel transport module.
Aug 31 13:58:50 openeuler-riscv64 kernel: PCI: CLS 0 bytes, default 64
Aug 31 13:58:50 openeuler-riscv64 kernel: Initialise system trusted keyrings
Aug 31 13:58:50 openeuler-riscv64 kernel: Key type blacklist registered
Aug 31 13:58:50 openeuler-riscv64 kernel: workingset: timestamp_bits=39 max_order=20 bucket_order=0
Aug 31 13:58:50 openeuler-riscv64 kernel: zbud: loaded
Aug 31 13:58:50 openeuler-riscv64 kernel: NFS: Registering the id_resolver key type
Aug 31 13:58:50 openeuler-riscv64 kernel: Key type id_resolver registered
Aug 31 13:58:50 openeuler-riscv64 kernel: Key type id_legacy registered
Aug 31 13:58:50 openeuler-riscv64 kernel: nfs4filelayout_init: NFSv4 File Layout Driver Registering...
Aug 31 13:58:50 openeuler-riscv64 kernel: 9p: Installing v9fs 9p2000 file system support
Aug 31 13:58:50 openeuler-riscv64 kernel: integrity: Platform Keyring initialized
Aug 31 13:58:50 openeuler-riscv64 kernel: NET: Registered PF_ALG protocol family
Aug 31 13:58:50 openeuler-riscv64 kernel: Key type asymmetric registered
Aug 31 13:58:50 openeuler-riscv64 kernel: Asymmetric key parser 'x509' registered
Aug 31 13:58:50 openeuler-riscv64 kernel: Block layer SCSI generic (bsg) driver version 0.4 loaded (major 245)
Aug 31 13:58:50 openeuler-riscv64 kernel: io scheduler mq-deadline registered
Aug 31 13:58:50 openeuler-riscv64 kernel: io scheduler kyber registered
Aug 31 13:58:50 openeuler-riscv64 kernel: io scheduler bfq registered
Aug 31 13:58:50 openeuler-riscv64 kernel: shpchp: Standard Hot Plug PCI Controller Driver version: 0.4
Aug 31 13:58:50 openeuler-riscv64 kernel: pci-host-generic 30000000.pci: host bridge /soc/pci@30000000 ranges:
Aug 31 13:58:50 openeuler-riscv64 kernel: pci-host-generic 30000000.pci:       IO 0x0003000000..0x000300ffff -> 0x0000000000
Aug 31 13:58:50 openeuler-riscv64 kernel: pci-host-generic 30000000.pci:      MEM 0x0040000000..0x007fffffff -> 0x0040000000
Aug 31 13:58:50 openeuler-riscv64 kernel: pci-host-generic 30000000.pci:      MEM 0x0400000000..0x07ffffffff -> 0x0400000000
Aug 31 13:58:50 openeuler-riscv64 kernel: pci-host-generic 30000000.pci: Memory resource size exceeds max for 32 bits
Aug 31 13:58:50 openeuler-riscv64 kernel: pci-host-generic 30000000.pci: ECAM at [mem 0x30000000-0x3fffffff] for [bus 00-ff]
Aug 31 13:58:50 openeuler-riscv64 kernel: pci-host-generic 30000000.pci: PCI host bridge to bus 0000:00
Aug 31 13:58:50 openeuler-riscv64 kernel: pci_bus 0000:00: root bus resource [bus 00-ff]
Aug 31 13:58:50 openeuler-riscv64 kernel: pci_bus 0000:00: root bus resource [io  0x0000-0xffff]
Aug 31 13:58:50 openeuler-riscv64 kernel: pci_bus 0000:00: root bus resource [mem 0x40000000-0x7fffffff]
Aug 31 13:58:50 openeuler-riscv64 kernel: pci_bus 0000:00: root bus resource [mem 0x400000000-0x7ffffffff]
Aug 31 13:58:50 openeuler-riscv64 kernel: pci 0000:00:00.0: [1b36:0008] type 00 class 0x060000
Aug 31 13:58:50 openeuler-riscv64 kernel: pci 0000:00:01.0: [1af4:1050] type 00 class 0x030000
Aug 31 13:58:50 openeuler-riscv64 kernel: pci 0000:00:01.0: reg 0x10: [mem 0x40000000-0x407fffff pref]
Aug 31 13:58:50 openeuler-riscv64 kernel: pci 0000:00:01.0: reg 0x18: [mem 0x40800000-0x40803fff 64bit pref]
Aug 31 13:58:50 openeuler-riscv64 kernel: pci 0000:00:01.0: reg 0x20: [mem 0x40804000-0x40804fff]
Aug 31 13:58:50 openeuler-riscv64 kernel: pci 0000:00:01.0: reg 0x30: [mem 0x40810000-0x4081ffff pref]
Aug 31 13:58:50 openeuler-riscv64 kernel: pci 0000:00:01.0: vgaarb: setting as boot VGA device
Aug 31 13:58:50 openeuler-riscv64 kernel: pci 0000:00:01.0: vgaarb: bridge control possible
Aug 31 13:58:50 openeuler-riscv64 kernel: pci 0000:00:01.0: vgaarb: VGA device added: decodes=io+mem,owns=io+mem,locks=none
Aug 31 13:58:50 openeuler-riscv64 kernel: pci 0000:00:02.0: [1af4:1000] type 00 class 0x020000
Aug 31 13:58:50 openeuler-riscv64 kernel: pci 0000:00:02.0: reg 0x10: [io  0x1000-0x101f]
Aug 31 13:58:50 openeuler-riscv64 kernel: pci 0000:00:02.0: reg 0x14: [mem 0x40820000-0x40820fff]
Aug 31 13:58:50 openeuler-riscv64 kernel: pci 0000:00:02.0: reg 0x20: [mem 0x40824000-0x40827fff 64bit pref]
Aug 31 13:58:50 openeuler-riscv64 kernel: pci 0000:00:02.0: reg 0x30: [mem 0x40840000-0x4087ffff pref]
Aug 31 13:58:50 openeuler-riscv64 kernel: pci 0000:00:01.0: BAR 0: assigned [mem 0x40000000-0x407fffff pref]
Aug 31 13:58:50 openeuler-riscv64 kernel: pci 0000:00:02.0: BAR 6: assigned [mem 0x40800000-0x4083ffff pref]
Aug 31 13:58:50 openeuler-riscv64 kernel: pci 0000:00:01.0: BAR 6: assigned [mem 0x40840000-0x4084ffff pref]
Aug 31 13:58:50 openeuler-riscv64 kernel: pci 0000:00:01.0: BAR 2: assigned [mem 0x400000000-0x400003fff 64bit pref]
Aug 31 13:58:50 openeuler-riscv64 kernel: pci 0000:00:02.0: BAR 4: assigned [mem 0x400004000-0x400007fff 64bit pref]
Aug 31 13:58:50 openeuler-riscv64 kernel: pci 0000:00:01.0: BAR 4: assigned [mem 0x40850000-0x40850fff]
Aug 31 13:58:50 openeuler-riscv64 kernel: pci 0000:00:02.0: BAR 1: assigned [mem 0x40851000-0x40851fff]
Aug 31 13:58:50 openeuler-riscv64 kernel: pci 0000:00:02.0: BAR 0: assigned [io  0x0020-0x003f]
Aug 31 13:58:50 openeuler-riscv64 kernel: Serial: 8250/16550 driver, 4 ports, IRQ sharing enabled
Aug 31 13:58:50 openeuler-riscv64 kernel: printk: console [ttyS0] disabled
Aug 31 13:58:50 openeuler-riscv64 kernel: 10000000.serial: ttyS0 at MMIO 0x10000000 (irq = 14, base_baud = 230400) is a 16550A
Aug 31 13:58:50 openeuler-riscv64 kernel: printk: console [ttyS0] enabled
Aug 31 13:58:50 openeuler-riscv64 kernel: printk: bootconsole [ns16550a0] disabled
Aug 31 13:58:50 openeuler-riscv64 kernel: loop: module loaded
Aug 31 13:58:50 openeuler-riscv64 kernel: virtio_blk virtio1: 1/0/0 default/read/poll queues
Aug 31 13:58:50 openeuler-riscv64 kernel: virtio_blk virtio1: [vda] 41943040 512-byte logical blocks (21.5 GB/20.0 GiB)
Aug 31 13:58:50 openeuler-riscv64 kernel:  vda: vda1 vda2
Aug 31 13:58:50 openeuler-riscv64 kernel: rdac: device handler registered
Aug 31 13:58:50 openeuler-riscv64 kernel: hp_sw: device handler registered
Aug 31 13:58:50 openeuler-riscv64 kernel: emc: device handler registered
Aug 31 13:58:50 openeuler-riscv64 kernel: alua: device handler registered
Aug 31 13:58:50 openeuler-riscv64 kernel: e1000e: Intel(R) PRO/1000 Network Driver
Aug 31 13:58:50 openeuler-riscv64 kernel: e1000e: Copyright(c) 1999 - 2015 Intel Corporation.
Aug 31 13:58:50 openeuler-riscv64 kernel: usbcore: registered new interface driver uas
Aug 31 13:58:50 openeuler-riscv64 kernel: usbcore: registered new interface driver usb-storage
Aug 31 13:58:50 openeuler-riscv64 kernel: mousedev: PS/2 mouse device common for all mice
Aug 31 13:58:50 openeuler-riscv64 kernel: goldfish_rtc 101000.rtc: registered as rtc0
Aug 31 13:58:50 openeuler-riscv64 kernel: goldfish_rtc 101000.rtc: setting system clock to 2023-08-31T05:58:47 UTC (1693461527)
Aug 31 13:58:50 openeuler-riscv64 kernel: syscon-poweroff poweroff: pm_power_off already claimed for sbi_srst_power_off
Aug 31 13:58:50 openeuler-riscv64 kernel: syscon-poweroff: probe of poweroff failed with error -16
Aug 31 13:58:50 openeuler-riscv64 kernel: sdhci: Secure Digital Host Controller Interface driver
Aug 31 13:58:50 openeuler-riscv64 kernel: sdhci: Copyright(c) Pierre Ossman
Aug 31 13:58:50 openeuler-riscv64 kernel: sdhci-pltfm: SDHCI platform and OF driver helper
Aug 31 13:58:50 openeuler-riscv64 kernel: hid: raw HID events driver (C) Jiri Kosina
Aug 31 13:58:50 openeuler-riscv64 kernel: usbcore: registered new interface driver usbhid
Aug 31 13:58:50 openeuler-riscv64 kernel: usbhid: USB HID core driver
Aug 31 13:58:50 openeuler-riscv64 kernel: riscv-pmu-sbi: SBI PMU extension is available
Aug 31 13:58:50 openeuler-riscv64 kernel: riscv-pmu-sbi: 16 firmware and 18 hardware counters
Aug 31 13:58:50 openeuler-riscv64 kernel: riscv-pmu-sbi: Perf sampling/filtering is not supported as sscof extension is not available
Aug 31 13:58:50 openeuler-riscv64 kernel: NET: Registered PF_INET6 protocol family
Aug 31 13:58:50 openeuler-riscv64 kernel: Segment Routing with IPv6
Aug 31 13:58:50 openeuler-riscv64 kernel: In-situ OAM (IOAM) with IPv6
Aug 31 13:58:50 openeuler-riscv64 kernel: NET: Registered PF_PACKET protocol family
Aug 31 13:58:50 openeuler-riscv64 kernel: 9pnet: Installing 9P2000 support
Aug 31 13:58:50 openeuler-riscv64 kernel: Key type dns_resolver registered
Aug 31 13:58:50 openeuler-riscv64 kernel: registered taskstats version 1
Aug 31 13:58:50 openeuler-riscv64 kernel: Loading compiled-in X.509 certificates
Aug 31 13:58:50 openeuler-riscv64 kernel: Loaded X.509 cert 'Build time autogenerated kernel key: 2d997d689286662c36f6ae32cd42b9877357dd50'
Aug 31 13:58:50 openeuler-riscv64 kernel: kmemleak: Kernel memory leak detector initialized (mem pool available: 15722)
Aug 31 13:58:50 openeuler-riscv64 kernel: kmemleak: Automatic memory scanning thread started
Aug 31 13:58:50 openeuler-riscv64 kernel: Key type encrypted registered
Aug 31 13:58:50 openeuler-riscv64 kernel: AppArmor: AppArmor sha1 policy hashing enabled
Aug 31 13:58:50 openeuler-riscv64 kernel: ima: No TPM chip found, activating TPM-bypass!
Aug 31 13:58:50 openeuler-riscv64 kernel: ima: Allocated hash algorithm: sha256
Aug 31 13:58:50 openeuler-riscv64 kernel: ima: No architecture policies found
Aug 31 13:58:50 openeuler-riscv64 kernel: evm: Initialising EVM extended attributes:
Aug 31 13:58:50 openeuler-riscv64 kernel: evm: security.selinux
Aug 31 13:58:50 openeuler-riscv64 kernel: evm: security.SMACK64 (disabled)
Aug 31 13:58:50 openeuler-riscv64 kernel: evm: security.SMACK64EXEC (disabled)
Aug 31 13:58:50 openeuler-riscv64 kernel: evm: security.SMACK64TRANSMUTE (disabled)
Aug 31 13:58:50 openeuler-riscv64 kernel: evm: security.SMACK64MMAP (disabled)
Aug 31 13:58:50 openeuler-riscv64 kernel: evm: security.apparmor
Aug 31 13:58:50 openeuler-riscv64 kernel: evm: security.ima
Aug 31 13:58:50 openeuler-riscv64 kernel: evm: security.capability
Aug 31 13:58:50 openeuler-riscv64 kernel: evm: HMAC attrs: 0x1
Aug 31 13:58:50 openeuler-riscv64 kernel: clk: Disabling unused clocks
Aug 31 13:58:50 openeuler-riscv64 kernel: md: Waiting for all devices to be available before autodetect
Aug 31 13:58:50 openeuler-riscv64 kernel: md: If you don't use raid, use raid=noautodetect
Aug 31 13:58:50 openeuler-riscv64 kernel: md: Autodetecting RAID arrays.
Aug 31 13:58:50 openeuler-riscv64 kernel: md: autorun ...
Aug 31 13:58:50 openeuler-riscv64 kernel: md: ... autorun DONE.
Aug 31 13:58:50 openeuler-riscv64 kernel: EXT4-fs (vda2): mounted filesystem da33d823-033d-4958-9ace-e07fe6776275 r/w with ordered data mode. Quota mode: none.
Aug 31 13:58:50 openeuler-riscv64 kernel: VFS: Mounted root (ext4 filesystem) on device 253:2.
Aug 31 13:58:50 openeuler-riscv64 kernel: devtmpfs: mounted
Aug 31 13:58:50 openeuler-riscv64 kernel: integrity: Unable to open file: /etc/keys/x509_ima.der (-2)
Aug 31 13:58:50 openeuler-riscv64 kernel: integrity: Unable to open file: /etc/keys/x509_evm.der (-2)
Aug 31 13:58:50 openeuler-riscv64 kernel: Freeing unused kernel image (initmem) memory: 2660K
Aug 31 13:58:50 openeuler-riscv64 kernel: Run /sbin/init as init process
Aug 31 13:58:50 openeuler-riscv64 kernel:   with arguments:
Aug 31 13:58:50 openeuler-riscv64 kernel:     /sbin/init
Aug 31 13:58:50 openeuler-riscv64 kernel:   with environment:
Aug 31 13:58:50 openeuler-riscv64 kernel:     HOME=/
Aug 31 13:58:50 openeuler-riscv64 kernel:     TERM=linux
Aug 31 13:58:50 openeuler-riscv64 systemd[1]: systemd v253-3.oe2309 running in system mode (+PAM +AUDIT +SELINUX -APPARMOR +IMA -SMACK +SECCOMP +GCRYPT +GNUTLS -OPENSSL +ACL +BLKID -CURL -ELFUTILS -FIDO2 +IDN2 -IDN -IPTC +KMOD -LIBCRYPTSETUP +LIBFDISK +PCRE2 -PWQUALITY +P11KIT -QRENCODE -TPM2 +BZIP2 +LZ4 +XZ +ZLIB -ZSTD -BPF_FRAMEWORK +XKBCOMMON +UTMP +SYSVINIT default-hierarchy=legacy)
Aug 31 13:58:50 openeuler-riscv64 systemd[1]: Detected architecture riscv64.
Aug 31 13:58:50 openeuler-riscv64 systemd[1]: Hostname set to <openeuler-riscv64>.
Aug 31 13:58:50 openeuler-riscv64 systemd[1]: /usr/lib/systemd/system/dbus.socket:5: ListenStream= references a path below legacy directory /var/run/, updating /var/run/dbus/system_bus_socket → /run/dbus/system_bus_socket; please update the unit file accordingly.
Aug 31 13:58:50 openeuler-riscv64 systemd[1]: Queued start job for default target Graphical Interface.
Aug 31 13:58:50 openeuler-riscv64 systemd[1]: Created slice Slice /system/getty.
Aug 31 13:58:50 openeuler-riscv64 systemd[1]: Created slice Slice /system/modprobe.
Aug 31 13:58:50 openeuler-riscv64 systemd[1]: Created slice Slice /system/serial-getty.
Aug 31 13:58:50 openeuler-riscv64 systemd[1]: Created slice Slice /system/sshd-keygen.
Aug 31 13:58:50 openeuler-riscv64 systemd[1]: Created slice Slice /system/systemd-fsck.
Aug 31 13:58:50 openeuler-riscv64 systemd[1]: Created slice User and Session Slice.
Aug 31 13:58:50 openeuler-riscv64 systemd[1]: Started Dispatch Password Requests to Console Directory Watch.
Aug 31 13:58:50 openeuler-riscv64 systemd[1]: Started Forward Password Requests to Wall Directory Watch.
Aug 31 13:58:50 openeuler-riscv64 systemd[1]: Set up automount Arbitrary Executable File Formats File System Automount Point.
Aug 31 13:58:50 openeuler-riscv64 systemd[1]: Reached target Path Units.
Aug 31 13:58:50 openeuler-riscv64 systemd[1]: Reached target Remote File Systems.
Aug 31 13:58:50 openeuler-riscv64 systemd[1]: Reached target Slice Units.
Aug 31 13:58:50 openeuler-riscv64 systemd[1]: Reached target Swaps.
Aug 31 13:58:50 openeuler-riscv64 systemd[1]: Listening on Device-mapper event daemon FIFOs.
Aug 31 13:58:50 openeuler-riscv64 systemd[1]: Listening on LVM2 poll daemon socket.
Aug 31 13:58:50 openeuler-riscv64 systemd[1]: Listening on Process Core Dump Socket.
Aug 31 13:58:50 openeuler-riscv64 systemd[1]: Listening on initctl Compatibility Named Pipe.
Aug 31 13:58:50 openeuler-riscv64 systemd[1]: Listening on Journal Audit Socket.
Aug 31 13:58:50 openeuler-riscv64 systemd[1]: Listening on Journal Socket (/dev/log).
Aug 31 13:58:50 openeuler-riscv64 systemd[1]: Listening on Journal Socket.
Aug 31 13:58:50 openeuler-riscv64 systemd[1]: Listening on udev Control Socket.
Aug 31 13:58:50 openeuler-riscv64 systemd[1]: Listening on udev Kernel Socket.
Aug 31 13:58:50 openeuler-riscv64 systemd[1]: Mounting Huge Pages File System...
Aug 31 13:58:50 openeuler-riscv64 systemd[1]: Mounting POSIX Message Queue File System...
Aug 31 13:58:50 openeuler-riscv64 systemd[1]: Mounting Kernel Debug File System...
Aug 31 13:58:50 openeuler-riscv64 systemd[1]: Mounting Kernel Trace File System...
Aug 31 13:58:50 openeuler-riscv64 systemd[1]: Mounting Temporary Directory /tmp...
Aug 31 13:58:50 openeuler-riscv64 systemd[1]: Starting Create List of Static Device Nodes...
Aug 31 13:58:50 openeuler-riscv64 systemd[1]: Starting Monitoring of LVM2 mirrors, snapshots etc. using dmeventd or progress polling...
Aug 31 13:58:50 openeuler-riscv64 systemd[1]: Starting Load Kernel Module configfs...
Aug 31 13:58:50 openeuler-riscv64 systemd[1]: Starting Load Kernel Module drm...
Aug 31 13:58:50 openeuler-riscv64 systemd[1]: Starting Load Kernel Module fuse...
Aug 31 13:58:50 openeuler-riscv64 systemd[1]: File System Check on Root Device was skipped because of an unmet condition check (ConditionPathIsReadWrite=!/).
Aug 31 13:58:50 openeuler-riscv64 systemd[1]: systemd-journald.service: unit configures an IP firewall, but the local system does not support BPF/cgroup firewalling.
Aug 31 13:58:50 openeuler-riscv64 systemd[1]: (This warning is only shown for the first unit using IP firewalling.)
Aug 31 13:58:50 openeuler-riscv64 systemd[1]: Starting Journal Service...
Aug 31 13:58:50 openeuler-riscv64 systemd[1]: Load Kernel Modules was skipped because no trigger condition checks were met.
Aug 31 13:58:50 openeuler-riscv64 systemd[1]: Starting Generate network units from Kernel command line...
Aug 31 13:58:50 openeuler-riscv64 systemd[1]: Starting Remount Root and Kernel File Systems...
Aug 31 13:58:50 openeuler-riscv64 systemd[1]: Starting Apply Kernel Variables...
Aug 31 13:58:50 openeuler-riscv64 systemd[1]: Starting Coldplug All udev Devices...
Aug 31 13:58:50 openeuler-riscv64 systemd[1]: Mounted Huge Pages File System.
Aug 31 13:58:50 openeuler-riscv64 systemd[1]: Mounted POSIX Message Queue File System.
Aug 31 13:58:50 openeuler-riscv64 systemd-journald[176]: Collecting audit messages is enabled.
Aug 31 13:58:50 openeuler-riscv64 systemd[1]: Mounted Kernel Debug File System.
Aug 31 13:58:50 openeuler-riscv64 systemd[1]: Mounted Kernel Trace File System.
Aug 31 13:58:50 openeuler-riscv64 systemd[1]: Mounted Temporary Directory /tmp.
Aug 31 13:58:50 openeuler-riscv64 systemd[1]: Finished Create List of Static Device Nodes.
Aug 31 13:58:50 openeuler-riscv64 kernel: audit: type=1130 audit(1693461530.344:2): pid=1 uid=0 auid=4294967295 ses=4294967295 subj=unconfined msg='unit=kmod-static-nodes comm="systemd" exe="/usr/lib/systemd/systemd" hostname=? addr=? terminal=? res=success'
Aug 31 13:58:50 openeuler-riscv64 systemd[1]: Finished Monitoring of LVM2 mirrors, snapshots etc. using dmeventd or progress polling.
Aug 31 13:58:50 openeuler-riscv64 kernel: audit: type=1130 audit(1693461530.352:3): pid=1 uid=0 auid=4294967295 ses=4294967295 subj=unconfined msg='unit=lvm2-monitor comm="systemd" exe="/usr/lib/systemd/systemd" hostname=? addr=? terminal=? res=success'
Aug 31 13:58:50 openeuler-riscv64 systemd[1]: modprobe@configfs.service: Deactivated successfully.
Aug 31 13:58:50 openeuler-riscv64 systemd[1]: Finished Load Kernel Module configfs.
Aug 31 13:58:50 openeuler-riscv64 kernel: audit: type=1130 audit(1693461530.372:4): pid=1 uid=0 auid=4294967295 ses=4294967295 subj=unconfined msg='unit=modprobe@configfs comm="systemd" exe="/usr/lib/systemd/systemd" hostname=? addr=? terminal=? res=success'
Aug 31 13:58:50 openeuler-riscv64 kernel: audit: type=1131 audit(1693461530.372:5): pid=1 uid=0 auid=4294967295 ses=4294967295 subj=unconfined msg='unit=modprobe@configfs comm="systemd" exe="/usr/lib/systemd/systemd" hostname=? addr=? terminal=? res=success'
Aug 31 13:58:50 openeuler-riscv64 systemd[1]: Finished Generate network units from Kernel command line.
Aug 31 13:58:50 openeuler-riscv64 kernel: EXT4-fs (vda2): re-mounted da33d823-033d-4958-9ace-e07fe6776275 r/w. Quota mode: none.
Aug 31 13:58:50 openeuler-riscv64 kernel: audit: type=1130 audit(1693461530.388:6): pid=1 uid=0 auid=4294967295 ses=4294967295 subj=unconfined msg='unit=systemd-network-generator comm="systemd" exe="/usr/lib/systemd/systemd" hostname=? addr=? terminal=? res=success'
Aug 31 13:58:50 openeuler-riscv64 kernel: fuse: init (API version 7.38)
Aug 31 13:58:50 openeuler-riscv64 systemd[1]: Finished Remount Root and Kernel File Systems.
Aug 31 13:58:50 openeuler-riscv64 kernel: audit: type=1130 audit(1693461530.412:7): pid=1 uid=0 auid=4294967295 ses=4294967295 subj=unconfined msg='unit=systemd-remount-fs comm="systemd" exe="/usr/lib/systemd/systemd" hostname=? addr=? terminal=? res=success'
Aug 31 13:58:50 openeuler-riscv64 systemd[1]: Finished Apply Kernel Variables.
Aug 31 13:58:50 openeuler-riscv64 kernel: audit: type=1130 audit(1693461530.416:8): pid=1 uid=0 auid=4294967295 ses=4294967295 subj=unconfined msg='unit=systemd-sysctl comm="systemd" exe="/usr/lib/systemd/systemd" hostname=? addr=? terminal=? res=success'
Aug 31 13:58:50 openeuler-riscv64 systemd[1]: modprobe@fuse.service: Deactivated successfully.
Aug 31 13:58:50 openeuler-riscv64 systemd[1]: Finished Load Kernel Module fuse.
Aug 31 13:58:50 openeuler-riscv64 kernel: audit: type=1130 audit(1693461530.428:9): pid=1 uid=0 auid=4294967295 ses=4294967295 subj=unconfined msg='unit=modprobe@fuse comm="systemd" exe="/usr/lib/systemd/systemd" hostname=? addr=? terminal=? res=success'
Aug 31 13:58:50 openeuler-riscv64 kernel: audit: type=1131 audit(1693461530.428:10): pid=1 uid=0 auid=4294967295 ses=4294967295 subj=unconfined msg='unit=modprobe@fuse comm="systemd" exe="/usr/lib/systemd/systemd" hostname=? addr=? terminal=? res=success'
Aug 31 13:58:50 openeuler-riscv64 systemd[1]: Reached target Preparation for Network.
Aug 31 13:58:50 openeuler-riscv64 systemd[1]: Mounting FUSE Control File System...
Aug 31 13:58:50 openeuler-riscv64 systemd[1]: Mounting Kernel Configuration File System...
Aug 31 13:58:50 openeuler-riscv64 systemd[1]: Rebuild Hardware Database was skipped because of an unmet condition check (ConditionNeedsUpdate=/etc).
Aug 31 13:58:50 openeuler-riscv64 systemd[1]: Starting Load/Save OS Random Seed...
Aug 31 13:58:50 openeuler-riscv64 systemd[1]: Create System Users was skipped because no trigger condition checks were met.
Aug 31 13:58:50 openeuler-riscv64 systemd-journald[176]: Journal started
░░ Subject: The journal has been started
░░ Defined-By: systemd
░░ Support: https://lists.freedesktop.org/mailman/listinfo/systemd-devel
░░ 
░░ The system journal process has started up, opened the journal
░░ files for writing and is now ready to process requests.
Aug 31 13:58:50 openeuler-riscv64 systemd-journald[176]: Runtime Journal (/run/log/journal/82a15c537a614274b9b5b6b107942764) is 8.0M, max 78.1M, 70.1M free.
░░ Subject: Disk space used by the journal
░░ Defined-By: systemd
░░ Support: https://lists.freedesktop.org/mailman/listinfo/systemd-devel
░░ 
░░ Runtime Journal (/run/log/journal/82a15c537a614274b9b5b6b107942764) is currently using 8.0M.
░░ Maximum allowed usage is set to 78.1M.
░░ Leaving at least 39.0M free (of currently available 773.3M of disk space).
░░ Enforced usage limit is thus 78.1M, of which 70.1M are still available.
░░ 
░░ The limits controlling how much disk space is used by the journal may
░░ be configured with SystemMaxUse=, SystemKeepFree=, SystemMaxFileSize=,
░░ RuntimeMaxUse=, RuntimeKeepFree=, RuntimeMaxFileSize= settings in
░░ /etc/systemd/journald.conf. See journald.conf(5) for details.
Aug 31 13:58:50 openeuler-riscv64 audit[1]: SERVICE_START pid=1 uid=0 auid=4294967295 ses=4294967295 subj=unconfined msg='unit=kmod-static-nodes comm="systemd" exe="/usr/lib/systemd/systemd" hostname=? addr=? terminal=? res=success'
Aug 31 13:58:50 openeuler-riscv64 audit[1]: SERVICE_START pid=1 uid=0 auid=4294967295 ses=4294967295 subj=unconfined msg='unit=lvm2-monitor comm="systemd" exe="/usr/lib/systemd/systemd" hostname=? addr=? terminal=? res=success'
Aug 31 13:58:50 openeuler-riscv64 audit[1]: SERVICE_START pid=1 uid=0 auid=4294967295 ses=4294967295 subj=unconfined msg='unit=modprobe@configfs comm="systemd" exe="/usr/lib/systemd/systemd" hostname=? addr=? terminal=? res=success'
Aug 31 13:58:50 openeuler-riscv64 audit[1]: SERVICE_STOP pid=1 uid=0 auid=4294967295 ses=4294967295 subj=unconfined msg='unit=modprobe@configfs comm="systemd" exe="/usr/lib/systemd/systemd" hostname=? addr=? terminal=? res=success'
Aug 31 13:58:50 openeuler-riscv64 audit[1]: SERVICE_START pid=1 uid=0 auid=4294967295 ses=4294967295 subj=unconfined msg='unit=systemd-network-generator comm="systemd" exe="/usr/lib/systemd/systemd" hostname=? addr=? terminal=? res=success'
Aug 31 13:58:50 openeuler-riscv64 audit[1]: SERVICE_START pid=1 uid=0 auid=4294967295 ses=4294967295 subj=unconfined msg='unit=systemd-remount-fs comm="systemd" exe="/usr/lib/systemd/systemd" hostname=? addr=? terminal=? res=success'
Aug 31 13:58:50 openeuler-riscv64 audit[1]: SERVICE_START pid=1 uid=0 auid=4294967295 ses=4294967295 subj=unconfined msg='unit=systemd-sysctl comm="systemd" exe="/usr/lib/systemd/systemd" hostname=? addr=? terminal=? res=success'
Aug 31 13:58:50 openeuler-riscv64 audit[1]: SERVICE_START pid=1 uid=0 auid=4294967295 ses=4294967295 subj=unconfined msg='unit=modprobe@fuse comm="systemd" exe="/usr/lib/systemd/systemd" hostname=? addr=? terminal=? res=success'
Aug 31 13:58:50 openeuler-riscv64 audit[1]: SERVICE_STOP pid=1 uid=0 auid=4294967295 ses=4294967295 subj=unconfined msg='unit=modprobe@fuse comm="systemd" exe="/usr/lib/systemd/systemd" hostname=? addr=? terminal=? res=success'
Aug 31 13:58:50 openeuler-riscv64 systemd[1]: Starting Create Static Device Nodes in /dev...
Aug 31 13:58:50 openeuler-riscv64 audit[1]: SERVICE_START pid=1 uid=0 auid=4294967295 ses=4294967295 subj=unconfined msg='unit=systemd-journald comm="systemd" exe="/usr/lib/systemd/systemd" hostname=? addr=? terminal=? res=success'
Aug 31 13:58:50 openeuler-riscv64 systemd[1]: Started Journal Service.
Aug 31 13:58:50 openeuler-riscv64 systemd[1]: Mounted FUSE Control File System.
░░ Subject: A start job for unit sys-fs-fuse-connections.mount has finished successfully
░░ Defined-By: systemd
░░ Support: https://lists.freedesktop.org/mailman/listinfo/systemd-devel
░░ 
░░ A start job for unit sys-fs-fuse-connections.mount has finished successfully.
░░ 
░░ The job identifier is 24.
Aug 31 13:58:50 openeuler-riscv64 systemd[1]: Mounted Kernel Configuration File System.
░░ Subject: A start job for unit sys-kernel-config.mount has finished successfully
░░ Defined-By: systemd
░░ Support: https://lists.freedesktop.org/mailman/listinfo/systemd-devel
░░ 
░░ A start job for unit sys-kernel-config.mount has finished successfully.
░░ 
░░ The job identifier is 43.
Aug 31 13:58:50 openeuler-riscv64 systemd[1]: Finished Load/Save OS Random Seed.
░░ Subject: A start job for unit systemd-random-seed.service has finished successfully
░░ Defined-By: systemd
░░ Support: https://lists.freedesktop.org/mailman/listinfo/systemd-devel
░░ 
░░ A start job for unit systemd-random-seed.service has finished successfully.
░░ 
░░ The job identifier is 7.
Aug 31 13:58:50 openeuler-riscv64 audit[1]: SERVICE_START pid=1 uid=0 auid=4294967295 ses=4294967295 subj=unconfined msg='unit=systemd-random-seed comm="systemd" exe="/usr/lib/systemd/systemd" hostname=? addr=? terminal=? res=success'
Aug 31 13:58:50 openeuler-riscv64 systemd[1]: modprobe@drm.service: Deactivated successfully.
░░ Subject: Unit succeeded
░░ Defined-By: systemd
░░ Support: https://lists.freedesktop.org/mailman/listinfo/systemd-devel
░░ 
░░ The unit modprobe@drm.service has successfully entered the 'dead' state.
Aug 31 13:58:50 openeuler-riscv64 systemd[1]: Finished Load Kernel Module drm.
░░ Subject: A start job for unit modprobe@drm.service has finished successfully
░░ Defined-By: systemd
░░ Support: https://lists.freedesktop.org/mailman/listinfo/systemd-devel
░░ 
░░ A start job for unit modprobe@drm.service has finished successfully.
░░ 
░░ The job identifier is 85.
Aug 31 13:58:50 openeuler-riscv64 audit[1]: SERVICE_START pid=1 uid=0 auid=4294967295 ses=4294967295 subj=unconfined msg='unit=modprobe@drm comm="systemd" exe="/usr/lib/systemd/systemd" hostname=? addr=? terminal=? res=success'
Aug 31 13:58:50 openeuler-riscv64 audit[1]: SERVICE_STOP pid=1 uid=0 auid=4294967295 ses=4294967295 subj=unconfined msg='unit=modprobe@drm comm="systemd" exe="/usr/lib/systemd/systemd" hostname=? addr=? terminal=? res=success'
Aug 31 13:58:50 openeuler-riscv64 systemd[1]: First Boot Complete was skipped because of an unmet condition check (ConditionFirstBoot=yes).
░░ Subject: A start job for unit first-boot-complete.target has finished successfully
░░ Defined-By: systemd
░░ Support: https://lists.freedesktop.org/mailman/listinfo/systemd-devel
░░ 
░░ A start job for unit first-boot-complete.target has finished successfully.
░░ 
░░ The job identifier is 9.
Aug 31 13:58:50 openeuler-riscv64 systemd[1]: Starting Flush Journal to Persistent Storage...
░░ Subject: A start job for unit systemd-journal-flush.service has begun execution
░░ Defined-By: systemd
░░ Support: https://lists.freedesktop.org/mailman/listinfo/systemd-devel
░░ 
░░ A start job for unit systemd-journal-flush.service has begun execution.
░░ 
░░ The job identifier is 18.
Aug 31 13:58:50 openeuler-riscv64 systemd-tmpfiles[198]: /usr/lib/tmpfiles.d/dbus.conf:13: Line references path below legacy directory /var/run/, updating /var/run/dbus/containers → /run/dbus/containers; please update the tmpfiles.d/ drop-in file accordingly.
Aug 31 13:58:50 openeuler-riscv64 systemd-journald[176]: Time spent on flushing to /var/log/journal/82a15c537a614274b9b5b6b107942764 is 162.374ms for 370 entries.
Aug 31 13:58:50 openeuler-riscv64 systemd-journald[176]: System Journal (/var/log/journal/82a15c537a614274b9b5b6b107942764) is 12.0M, max 1.9G, 1.8G free.
░░ Subject: Disk space used by the journal
░░ Defined-By: systemd
░░ Support: https://lists.freedesktop.org/mailman/listinfo/systemd-devel
░░ 
░░ System Journal (/var/log/journal/82a15c537a614274b9b5b6b107942764) is currently using 12.0M.
░░ Maximum allowed usage is set to 1.9G.
░░ Leaving at least 974.0M free (of currently available 13.7G of disk space).
░░ Enforced usage limit is thus 1.9G, of which 1.8G are still available.
░░ 
░░ The limits controlling how much disk space is used by the journal may
░░ be configured with SystemMaxUse=, SystemKeepFree=, SystemMaxFileSize=,
░░ RuntimeMaxUse=, RuntimeKeepFree=, RuntimeMaxFileSize= settings in
░░ /etc/systemd/journald.conf. See journald.conf(5) for details.
Aug 31 13:58:51 openeuler-riscv64 systemd-journald[176]: Received client request to flush runtime journal.
Aug 31 13:58:51 openeuler-riscv64 systemd-journald[176]: /var/log/journal/82a15c537a614274b9b5b6b107942764/system.journal: Montonic clock jumped backwards relative to last journal entry, rotating.
Aug 31 13:58:51 openeuler-riscv64 systemd-journald[176]: Rotating system journal.
Aug 31 13:58:50 openeuler-riscv64 audit[1]: SERVICE_START pid=1 uid=0 auid=4294967295 ses=4294967295 subj=unconfined msg='unit=systemd-tmpfiles-setup-dev comm="systemd" exe="/usr/lib/systemd/systemd" hostname=? addr=? terminal=? res=success'
Aug 31 13:58:50 openeuler-riscv64 systemd[1]: Finished Create Static Device Nodes in /dev.
░░ Subject: A start job for unit systemd-tmpfiles-setup-dev.service has finished successfully
░░ Defined-By: systemd
░░ Support: https://lists.freedesktop.org/mailman/listinfo/systemd-devel
░░ 
░░ A start job for unit systemd-tmpfiles-setup-dev.service has finished successfully.
░░ 
░░ The job identifier is 63.
Aug 31 13:58:50 openeuler-riscv64 systemd[1]: Reached target Preparation for Local File Systems.
░░ Subject: A start job for unit local-fs-pre.target has finished successfully
░░ Defined-By: systemd
░░ Support: https://lists.freedesktop.org/mailman/listinfo/systemd-devel
░░ 
░░ A start job for unit local-fs-pre.target has finished successfully.
░░ 
░░ The job identifier is 62.
Aug 31 13:58:51 openeuler-riscv64 audit[1]: SERVICE_START pid=1 uid=0 auid=4294967295 ses=4294967295 subj=unconfined msg='unit=systemd-journal-flush comm="systemd" exe="/usr/lib/systemd/systemd" hostname=? addr=? terminal=? res=success'
Aug 31 13:58:50 openeuler-riscv64 systemd[1]: Starting Rule-based Manager for Device Events and Files...
░░ Subject: A start job for unit systemd-udevd.service has begun execution
░░ Defined-By: systemd
░░ Support: https://lists.freedesktop.org/mailman/listinfo/systemd-devel
░░ 
░░ A start job for unit systemd-udevd.service has begun execution.
░░ 
░░ The job identifier is 36.
Aug 31 13:58:51 openeuler-riscv64 systemd-udevd[207]: Using default interface naming scheme 'v253'.
Aug 31 13:58:51 openeuler-riscv64 systemd[1]: Finished Flush Journal to Persistent Storage.
░░ Subject: A start job for unit systemd-journal-flush.service has finished successfully
░░ Defined-By: systemd
░░ Support: https://lists.freedesktop.org/mailman/listinfo/systemd-devel
░░ 
░░ A start job for unit systemd-journal-flush.service has finished successfully.
░░ 
░░ The job identifier is 18.
Aug 31 13:58:51 openeuler-riscv64 audit[1]: SERVICE_START pid=1 uid=0 auid=4294967295 ses=4294967295 subj=unconfined msg='unit=systemd-udevd comm="systemd" exe="/usr/lib/systemd/systemd" hostname=? addr=? terminal=? res=success'
Aug 31 13:58:51 openeuler-riscv64 systemd[1]: Started Rule-based Manager for Device Events and Files.
░░ Subject: A start job for unit systemd-udevd.service has finished successfully
░░ Defined-By: systemd
░░ Support: https://lists.freedesktop.org/mailman/listinfo/systemd-devel
░░ 
░░ A start job for unit systemd-udevd.service has finished successfully.
░░ 
░░ The job identifier is 36.
Aug 31 13:58:51 openeuler-riscv64 systemd[1]: Finished Coldplug All udev Devices.
░░ Subject: A start job for unit systemd-udev-trigger.service has finished successfully
░░ Defined-By: systemd
░░ Support: https://lists.freedesktop.org/mailman/listinfo/systemd-devel
░░ 
░░ A start job for unit systemd-udev-trigger.service has finished successfully.
░░ 
░░ The job identifier is 35.
Aug 31 13:58:51 openeuler-riscv64 audit[1]: SERVICE_START pid=1 uid=0 auid=4294967295 ses=4294967295 subj=unconfined msg='unit=systemd-udev-trigger comm="systemd" exe="/usr/lib/systemd/systemd" hostname=? addr=? terminal=? res=success'
Aug 31 13:58:51 openeuler-riscv64 systemd[1]: Found device /dev/ttyS0.
░░ Subject: A start job for unit dev-ttyS0.device has finished successfully
░░ Defined-By: systemd
░░ Support: https://lists.freedesktop.org/mailman/listinfo/systemd-devel
░░ 
░░ A start job for unit dev-ttyS0.device has finished successfully.
░░ 
░░ The job identifier is 95.
Aug 31 13:58:51 openeuler-riscv64 kernel: virtio_net virtio3 enp0s2: renamed from eth0
Aug 31 13:58:51 openeuler-riscv64 systemd[1]: Found device /dev/disk/by-uuid/1bd52a6d-5ae5-4c5b-adc7-a7552806936b.
░░ Subject: A start job for unit dev-disk-by\x2duuid-1bd52a6d\x2d5ae5\x2d4c5b\x2dadc7\x2da7552806936b.device has finished successfully
░░ Defined-By: systemd
░░ Support: https://lists.freedesktop.org/mailman/listinfo/systemd-devel
░░ 
░░ A start job for unit dev-disk-by\x2duuid-1bd52a6d\x2d5ae5\x2d4c5b\x2dadc7\x2da7552806936b.device has finished successfully.
░░ 
░░ The job identifier is 55.
Aug 31 13:58:51 openeuler-riscv64 (udev-worker)[218]: enp0s2: Network interface 2 is renamed from 'eth0' to 'enp0s2'
Aug 31 13:58:51 openeuler-riscv64 systemd[1]: Starting File System Check on /dev/disk/by-uuid/1bd52a6d-5ae5-4c5b-adc7-a7552806936b...
░░ Subject: A start job for unit systemd-fsck@dev-disk-by\x2duuid-1bd52a6d\x2d5ae5\x2d4c5b\x2dadc7\x2da7552806936b.service has begun execution
░░ Defined-By: systemd
░░ Support: https://lists.freedesktop.org/mailman/listinfo/systemd-devel
░░ 
░░ A start job for unit systemd-fsck@dev-disk-by\x2duuid-1bd52a6d\x2d5ae5\x2d4c5b\x2dadc7\x2da7552806936b.service has begun execution.
░░ 
░░ The job identifier is 56.
Aug 31 13:58:51 openeuler-riscv64 systemd-fsck[243]: /dev/vda1: clean, 33/32768 files, 14214/131072 blocks
Aug 31 13:58:51 openeuler-riscv64 audit[1]: SERVICE_START pid=1 uid=0 auid=4294967295 ses=4294967295 subj=unconfined msg='unit=systemd-fsck@dev-disk-by\x2duuid-1bd52a6d\x2d5ae5\x2d4c5b\x2dadc7\x2da7552806936b comm="systemd" exe="/usr/lib/systemd/systemd" hostname=? addr=? terminal=? res=success'
Aug 31 13:58:51 openeuler-riscv64 systemd[1]: Finished File System Check on /dev/disk/by-uuid/1bd52a6d-5ae5-4c5b-adc7-a7552806936b.
░░ Subject: A start job for unit systemd-fsck@dev-disk-by\x2duuid-1bd52a6d\x2d5ae5\x2d4c5b\x2dadc7\x2da7552806936b.service has finished successfully
░░ Defined-By: systemd
░░ Support: https://lists.freedesktop.org/mailman/listinfo/systemd-devel
░░ 
░░ A start job for unit systemd-fsck@dev-disk-by\x2duuid-1bd52a6d\x2d5ae5\x2d4c5b\x2dadc7\x2da7552806936b.service has finished successfully.
░░ 
░░ The job identifier is 56.
Aug 31 13:58:51 openeuler-riscv64 systemd[1]: Mounting /boot...
░░ Subject: A start job for unit boot.mount has begun execution
░░ Defined-By: systemd
░░ Support: https://lists.freedesktop.org/mailman/listinfo/systemd-devel
░░ 
░░ A start job for unit boot.mount has begun execution.
░░ 
░░ The job identifier is 54.
Aug 31 13:58:51 openeuler-riscv64 kernel: EXT4-fs (vda1): mounting ext2 file system using the ext4 subsystem
Aug 31 13:58:51 openeuler-riscv64 kernel: EXT4-fs (vda1): mounted filesystem 1bd52a6d-5ae5-4c5b-adc7-a7552806936b r/w without journal. Quota mode: none.
Aug 31 13:58:51 openeuler-riscv64 systemd[1]: Mounted /boot.
░░ Subject: A start job for unit boot.mount has finished successfully
░░ Defined-By: systemd
░░ Support: https://lists.freedesktop.org/mailman/listinfo/systemd-devel
░░ 
░░ A start job for unit boot.mount has finished successfully.
░░ 
░░ The job identifier is 54.
Aug 31 13:58:51 openeuler-riscv64 systemd[1]: Reached target Local File Systems.
░░ Subject: A start job for unit local-fs.target has finished successfully
░░ Defined-By: systemd
░░ Support: https://lists.freedesktop.org/mailman/listinfo/systemd-devel
░░ 
░░ A start job for unit local-fs.target has finished successfully.
░░ 
░░ The job identifier is 53.
Aug 31 13:58:51 openeuler-riscv64 systemd[1]: Rebuild Dynamic Linker Cache was skipped because no trigger condition checks were met.
░░ Subject: A start job for unit ldconfig.service has finished successfully
░░ Defined-By: systemd
░░ Support: https://lists.freedesktop.org/mailman/listinfo/systemd-devel
░░ 
░░ A start job for unit ldconfig.service has finished successfully.
░░ 
░░ The job identifier is 64.
Aug 31 13:58:51 openeuler-riscv64 systemd[1]: Set Up Additional Binary Formats was skipped because no trigger condition checks were met.
░░ Subject: A start job for unit systemd-binfmt.service has finished successfully
░░ Defined-By: systemd
░░ Support: https://lists.freedesktop.org/mailman/listinfo/systemd-devel
░░ 
░░ A start job for unit systemd-binfmt.service has finished successfully.
░░ 
░░ The job identifier is 48.
Aug 31 13:58:51 openeuler-riscv64 systemd[1]: Commit a transient machine-id on disk was skipped because of an unmet condition check (ConditionPathIsMountPoint=/etc/machine-id).
░░ Subject: A start job for unit systemd-machine-id-commit.service has finished successfully
░░ Defined-By: systemd
░░ Support: https://lists.freedesktop.org/mailman/listinfo/systemd-devel
░░ 
░░ A start job for unit systemd-machine-id-commit.service has finished successfully.
░░ 
░░ The job identifier is 49.
Aug 31 13:58:51 openeuler-riscv64 systemd[1]: Starting Create Volatile Files and Directories...
░░ Subject: A start job for unit systemd-tmpfiles-setup.service has begun execution
░░ Defined-By: systemd
░░ Support: https://lists.freedesktop.org/mailman/listinfo/systemd-devel
░░ 
░░ A start job for unit systemd-tmpfiles-setup.service has begun execution.
░░ 
░░ The job identifier is 65.
Aug 31 13:58:52 openeuler-riscv64 kernel: physmap-flash 20000000.flash: physmap platform flash device: [mem 0x20000000-0x21ffffff]
Aug 31 13:58:52 openeuler-riscv64 systemd-tmpfiles[250]: /usr/lib/tmpfiles.d/dbus.conf:13: Line references path below legacy directory /var/run/, updating /var/run/dbus/containers → /run/dbus/containers; please update the tmpfiles.d/ drop-in file accordingly.
Aug 31 13:58:52 openeuler-riscv64 kernel: 20000000.flash: Found 2 x16 devices at 0x0 in 32-bit bank. Manufacturer ID 0x000000 Chip ID 0x000000
Aug 31 13:58:52 openeuler-riscv64 kernel: Intel/Sharp Extended Query Table at 0x0031
Aug 31 13:58:52 openeuler-riscv64 kernel: Using buffer write method
Aug 31 13:58:52 openeuler-riscv64 kernel: erase region 0: offset=0x0,size=0x40000,blocks=128
Aug 31 13:58:52 openeuler-riscv64 kernel: physmap-flash 20000000.flash: physmap platform flash device: [mem 0x22000000-0x23ffffff]
Aug 31 13:58:52 openeuler-riscv64 kernel: 20000000.flash: Found 2 x16 devices at 0x0 in 32-bit bank. Manufacturer ID 0x000000 Chip ID 0x000000
Aug 31 13:58:52 openeuler-riscv64 kernel: Intel/Sharp Extended Query Table at 0x0031
Aug 31 13:58:52 openeuler-riscv64 kernel: Using buffer write method
Aug 31 13:58:52 openeuler-riscv64 kernel: erase region 0: offset=0x0,size=0x40000,blocks=128
Aug 31 13:58:52 openeuler-riscv64 kernel: Concatenating MTD devices:
Aug 31 13:58:52 openeuler-riscv64 kernel: (0): "20000000.flash"
Aug 31 13:58:52 openeuler-riscv64 kernel: (1): "20000000.flash"
Aug 31 13:58:52 openeuler-riscv64 kernel: into device "20000000.flash"
Aug 31 13:58:52 openeuler-riscv64 systemd[1]: Finished Create Volatile Files and Directories.
░░ Subject: A start job for unit systemd-tmpfiles-setup.service has finished successfully
░░ Defined-By: systemd
░░ Support: https://lists.freedesktop.org/mailman/listinfo/systemd-devel
░░ 
░░ A start job for unit systemd-tmpfiles-setup.service has finished successfully.
░░ 
░░ The job identifier is 65.
Aug 31 13:58:52 openeuler-riscv64 audit[1]: SERVICE_START pid=1 uid=0 auid=4294967295 ses=4294967295 subj=unconfined msg='unit=systemd-tmpfiles-setup comm="systemd" exe="/usr/lib/systemd/systemd" hostname=? addr=? terminal=? res=success'
Aug 31 13:58:52 openeuler-riscv64 kernel: kauditd_printk_skb: 9 callbacks suppressed
Aug 31 13:58:52 openeuler-riscv64 kernel: audit: type=1130 audit(1693461532.208:20): pid=1 uid=0 auid=4294967295 ses=4294967295 subj=unconfined msg='unit=systemd-tmpfiles-setup comm="systemd" exe="/usr/lib/systemd/systemd" hostname=? addr=? terminal=? res=success'
Aug 31 13:58:52 openeuler-riscv64 kernel: [drm] pci: virtio-vga detected at 0000:00:01.0
Aug 31 13:58:52 openeuler-riscv64 kernel: virtio-pci 0000:00:01.0: vgaarb: deactivate vga console
Aug 31 13:58:52 openeuler-riscv64 kernel: [drm] features: -virgl +edid -resource_blob -host_visible
Aug 31 13:58:52 openeuler-riscv64 kernel: [drm] features: -context_init
Aug 31 13:58:52 openeuler-riscv64 kernel: [drm] number of scanouts: 1
Aug 31 13:58:52 openeuler-riscv64 kernel: [drm] number of cap sets: 0
Aug 31 13:58:52 openeuler-riscv64 systemd[1]: Rebuild Journal Catalog was skipped because of an unmet condition check (ConditionNeedsUpdate=/var).
░░ Subject: A start job for unit systemd-journal-catalog-update.service has finished successfully
░░ Defined-By: systemd
░░ Support: https://lists.freedesktop.org/mailman/listinfo/systemd-devel
░░ 
░░ A start job for unit systemd-journal-catalog-update.service has finished successfully.
░░ 
░░ The job identifier is 17.
Aug 31 13:58:52 openeuler-riscv64 kernel: [drm] Initialized virtio_gpu 0.1.0 0 for 0000:00:01.0 on minor 0
Aug 31 13:58:52 openeuler-riscv64 kernel: Console: switching to colour frame buffer device 160x50
Aug 31 13:58:52 openeuler-riscv64 systemd[1]: Starting Network Time Synchronization...
░░ Subject: A start job for unit systemd-timesyncd.service has begun execution
░░ Defined-By: systemd
░░ Support: https://lists.freedesktop.org/mailman/listinfo/systemd-devel
░░ 
░░ A start job for unit systemd-timesyncd.service has begun execution.
░░ 
░░ The job identifier is 13.
Aug 31 13:58:52 openeuler-riscv64 kernel: virtio-pci 0000:00:01.0: [drm] fb0: virtio_gpudrmfb frame buffer device
Aug 31 13:58:52 openeuler-riscv64 systemd[1]: Update is Completed was skipped because no trigger condition checks were met.
░░ Subject: A start job for unit systemd-update-done.service has finished successfully
░░ Defined-By: systemd
░░ Support: https://lists.freedesktop.org/mailman/listinfo/systemd-devel
░░ 
░░ A start job for unit systemd-update-done.service has finished successfully.
░░ 
░░ The job identifier is 34.
Aug 31 13:58:52 openeuler-riscv64 systemd[1]: Starting Record System Boot/Shutdown in UTMP...
░░ Subject: A start job for unit systemd-update-utmp.service has begun execution
░░ Defined-By: systemd
░░ Support: https://lists.freedesktop.org/mailman/listinfo/systemd-devel
░░ 
░░ A start job for unit systemd-update-utmp.service has begun execution.
░░ 
░░ The job identifier is 105.
Aug 31 13:58:52 openeuler-riscv64 audit[261]: SYSTEM_BOOT pid=261 uid=0 auid=4294967295 ses=4294967295 subj=unconfined msg=' comm="systemd-update-utmp" exe="/usr/lib/systemd/systemd-update-utmp" hostname=? addr=? terminal=? res=success'
Aug 31 13:58:52 openeuler-riscv64 kernel: audit: type=1127 audit(1693461532.376:21): pid=261 uid=0 auid=4294967295 ses=4294967295 subj=unconfined msg=' comm="systemd-update-utmp" exe="/usr/lib/systemd/systemd-update-utmp" hostname=? addr=? terminal=? res=success'
Aug 31 13:58:52 openeuler-riscv64 systemd[1]: Finished Record System Boot/Shutdown in UTMP.
░░ Subject: A start job for unit systemd-update-utmp.service has finished successfully
░░ Defined-By: systemd
░░ Support: https://lists.freedesktop.org/mailman/listinfo/systemd-devel
░░ 
░░ A start job for unit systemd-update-utmp.service has finished successfully.
░░ 
░░ The job identifier is 105.
Aug 31 13:58:52 openeuler-riscv64 audit[1]: SERVICE_START pid=1 uid=0 auid=4294967295 ses=4294967295 subj=unconfined msg='unit=systemd-update-utmp comm="systemd" exe="/usr/lib/systemd/systemd" hostname=? addr=? terminal=? res=success'
Aug 31 13:58:52 openeuler-riscv64 kernel: audit: type=1130 audit(1693461532.408:22): pid=1 uid=0 auid=4294967295 ses=4294967295 subj=unconfined msg='unit=systemd-update-utmp comm="systemd" exe="/usr/lib/systemd/systemd" hostname=? addr=? terminal=? res=success'
Aug 31 13:58:52 openeuler-riscv64 systemd[1]: Started Network Time Synchronization.
░░ Subject: A start job for unit systemd-timesyncd.service has finished successfully
░░ Defined-By: systemd
░░ Support: https://lists.freedesktop.org/mailman/listinfo/systemd-devel
░░ 
░░ A start job for unit systemd-timesyncd.service has finished successfully.
░░ 
░░ The job identifier is 13.
Aug 31 13:58:52 openeuler-riscv64 audit[1]: SERVICE_START pid=1 uid=0 auid=4294967295 ses=4294967295 subj=unconfined msg='unit=systemd-timesyncd comm="systemd" exe="/usr/lib/systemd/systemd" hostname=? addr=? terminal=? res=success'
Aug 31 13:58:52 openeuler-riscv64 systemd[1]: Reached target System Initialization.
░░ Subject: A start job for unit sysinit.target has finished successfully
░░ Defined-By: systemd
░░ Support: https://lists.freedesktop.org/mailman/listinfo/systemd-devel
░░ 
░░ A start job for unit sysinit.target has finished successfully.
░░ 
░░ The job identifier is 6.
Aug 31 13:58:52 openeuler-riscv64 kernel: audit: type=1130 audit(1693461532.828:23): pid=1 uid=0 auid=4294967295 ses=4294967295 subj=unconfined msg='unit=systemd-timesyncd comm="systemd" exe="/usr/lib/systemd/systemd" hostname=? addr=? terminal=? res=success'
Aug 31 13:58:52 openeuler-riscv64 systemd[1]: Started dnf makecache --timer.
░░ Subject: A start job for unit dnf-makecache.timer has finished successfully
░░ Defined-By: systemd
░░ Support: https://lists.freedesktop.org/mailman/listinfo/systemd-devel
░░ 
░░ A start job for unit dnf-makecache.timer has finished successfully.
░░ 
░░ The job identifier is 76.
Aug 31 13:58:52 openeuler-riscv64 systemd[1]: Started Daily Cleanup of Temporary Directories.
░░ Subject: A start job for unit systemd-tmpfiles-clean.timer has finished successfully
░░ Defined-By: systemd
░░ Support: https://lists.freedesktop.org/mailman/listinfo/systemd-devel
░░ 
░░ A start job for unit systemd-tmpfiles-clean.timer has finished successfully.
░░ 
░░ The job identifier is 75.
Aug 31 13:58:52 openeuler-riscv64 systemd[1]: Reached target System Time Set.
░░ Subject: A start job for unit time-set.target has finished successfully
░░ Defined-By: systemd
░░ Support: https://lists.freedesktop.org/mailman/listinfo/systemd-devel
░░ 
░░ A start job for unit time-set.target has finished successfully.
░░ 
░░ The job identifier is 14.
Aug 31 13:58:52 openeuler-riscv64 systemd[1]: Reached target Timer Units.
░░ Subject: A start job for unit timers.target has finished successfully
░░ Defined-By: systemd
░░ Support: https://lists.freedesktop.org/mailman/listinfo/systemd-devel
░░ 
░░ A start job for unit timers.target has finished successfully.
░░ 
░░ The job identifier is 74.
Aug 31 13:58:52 openeuler-riscv64 systemd[1]: Listening on D-Bus System Message Bus Socket.
░░ Subject: A start job for unit dbus.socket has finished successfully
░░ Defined-By: systemd
░░ Support: https://lists.freedesktop.org/mailman/listinfo/systemd-devel
░░ 
░░ A start job for unit dbus.socket has finished successfully.
░░ 
░░ The job identifier is 71.
Aug 31 13:58:52 openeuler-riscv64 systemd[1]: Reached target Socket Units.
░░ Subject: A start job for unit sockets.target has finished successfully
░░ Defined-By: systemd
░░ Support: https://lists.freedesktop.org/mailman/listinfo/systemd-devel
░░ 
░░ A start job for unit sockets.target has finished successfully.
░░ 
░░ The job identifier is 68.
Aug 31 13:58:52 openeuler-riscv64 systemd[1]: Reached target Basic System.
░░ Subject: A start job for unit basic.target has finished successfully
░░ Defined-By: systemd
░░ Support: https://lists.freedesktop.org/mailman/listinfo/systemd-devel
░░ 
░░ A start job for unit basic.target has finished successfully.
░░ 
░░ The job identifier is 3.
Aug 31 13:58:52 openeuler-riscv64 systemd[1]: System is tainted: cgroupsv1
░░ Subject: The system is configured in a way that might cause problems
░░ Defined-By: systemd
░░ Support: https://lists.freedesktop.org/mailman/listinfo/systemd-devel
░░ 
░░ The following "tags" are possible:
░░ - "split-usr" — /usr is a separate file system and was not mounted when systemd
░░   was booted
░░ - "cgroups-missing" — the kernel was compiled without cgroup support or access
░░   to expected interface files is restricted
░░ - "var-run-bad" — /var/run is not a symlink to /run
░░ - "overflowuid-not-65534" — the kernel user ID used for "unknown" users (with
░░   NFS or user namespaces) is not 65534
░░ - "overflowgid-not-65534" — the kernel group ID used for "unknown" users (with
░░   NFS or user namespaces) is not 65534
░░ Current system is tagged as cgroupsv1.
Aug 31 13:58:52 openeuler-riscv64 systemd[1]: Starting D-Bus System Message Bus...
░░ Subject: A start job for unit dbus.service has begun execution
░░ Defined-By: systemd
░░ Support: https://lists.freedesktop.org/mailman/listinfo/systemd-devel
░░ 
░░ A start job for unit dbus.service has begun execution.
░░ 
░░ The job identifier is 102.
Aug 31 13:58:52 openeuler-riscv64 systemd[1]: Starting Restore /run/initramfs on shutdown...
░░ Subject: A start job for unit dracut-shutdown.service has begun execution
░░ Defined-By: systemd
░░ Support: https://lists.freedesktop.org/mailman/listinfo/systemd-devel
░░ 
░░ A start job for unit dracut-shutdown.service has begun execution.
░░ 
░░ The job identifier is 52.
Aug 31 13:58:52 openeuler-riscv64 systemd[1]: Starting Update RTC With System Clock...
░░ Subject: A start job for unit hwclock-save.service has begun execution
░░ Defined-By: systemd
░░ Support: https://lists.freedesktop.org/mailman/listinfo/systemd-devel
░░ 
░░ A start job for unit hwclock-save.service has begun execution.
░░ 
░░ The job identifier is 40.
Aug 31 13:58:52 openeuler-riscv64 systemd[1]: Started resize rootfs.
░░ Subject: A start job for unit resize-rootfs.service has finished successfully
░░ Defined-By: systemd
░░ Support: https://lists.freedesktop.org/mailman/listinfo/systemd-devel
░░ 
░░ A start job for unit resize-rootfs.service has finished successfully.
░░ 
░░ The job identifier is 103.
Aug 31 13:58:52 openeuler-riscv64 audit[1]: SERVICE_START pid=1 uid=0 auid=4294967295 ses=4294967295 subj=unconfined msg='unit=resize-rootfs comm="systemd" exe="/usr/lib/systemd/systemd" hostname=? addr=? terminal=? res=success'
Aug 31 13:58:52 openeuler-riscv64 kernel: audit: type=1130 audit(1693461532.948:24): pid=1 uid=0 auid=4294967295 ses=4294967295 subj=unconfined msg='unit=resize-rootfs comm="systemd" exe="/usr/lib/systemd/systemd" hostname=? addr=? terminal=? res=success'
Aug 31 13:58:52 openeuler-riscv64 systemd[1]: OpenSSH ecdsa Server Key Generation was skipped because no trigger condition checks were met.
░░ Subject: A start job for unit sshd-keygen@ecdsa.service has finished successfully
░░ Defined-By: systemd
░░ Support: https://lists.freedesktop.org/mailman/listinfo/systemd-devel
░░ 
░░ A start job for unit sshd-keygen@ecdsa.service has finished successfully.
░░ 
░░ The job identifier is 91.
Aug 31 13:58:52 openeuler-riscv64 systemd[1]: OpenSSH ed25519 Server Key Generation was skipped because no trigger condition checks were met.
░░ Subject: A start job for unit sshd-keygen@ed25519.service has finished successfully
░░ Defined-By: systemd
░░ Support: https://lists.freedesktop.org/mailman/listinfo/systemd-devel
░░ 
░░ A start job for unit sshd-keygen@ed25519.service has finished successfully.
░░ 
░░ The job identifier is 90.
Aug 31 13:58:52 openeuler-riscv64 systemd[1]: OpenSSH rsa Server Key Generation was skipped because no trigger condition checks were met.
░░ Subject: A start job for unit sshd-keygen@rsa.service has finished successfully
░░ Defined-By: systemd
░░ Support: https://lists.freedesktop.org/mailman/listinfo/systemd-devel
░░ 
░░ A start job for unit sshd-keygen@rsa.service has finished successfully.
░░ 
░░ The job identifier is 88.
Aug 31 13:58:52 openeuler-riscv64 systemd[1]: Reached target sshd-keygen.target.
░░ Subject: A start job for unit sshd-keygen.target has finished successfully
░░ Defined-By: systemd
░░ Support: https://lists.freedesktop.org/mailman/listinfo/systemd-devel
░░ 
░░ A start job for unit sshd-keygen.target has finished successfully.
░░ 
░░ The job identifier is 87.
Aug 31 13:58:52 openeuler-riscv64 systemd[1]: Starting User Login Management...
░░ Subject: A start job for unit systemd-logind.service has begun execution
░░ Defined-By: systemd
░░ Support: https://lists.freedesktop.org/mailman/listinfo/systemd-devel
░░ 
░░ A start job for unit systemd-logind.service has begun execution.
░░ 
░░ The job identifier is 83.
Aug 31 13:58:52 openeuler-riscv64 systemd-timesyncd[258]: Network configuration changed, trying to establish connection.
Aug 31 13:58:53 openeuler-riscv64 systemd[1]: Finished Restore /run/initramfs on shutdown.
░░ Subject: A start job for unit dracut-shutdown.service has finished successfully
░░ Defined-By: systemd
░░ Support: https://lists.freedesktop.org/mailman/listinfo/systemd-devel
░░ 
░░ A start job for unit dracut-shutdown.service has finished successfully.
░░ 
░░ The job identifier is 52.
Aug 31 13:58:53 openeuler-riscv64 audit[1]: SERVICE_START pid=1 uid=0 auid=4294967295 ses=4294967295 subj=unconfined msg='unit=dracut-shutdown comm="systemd" exe="/usr/lib/systemd/systemd" hostname=? addr=? terminal=? res=success'
Aug 31 13:58:53 openeuler-riscv64 kernel: audit: type=1130 audit(1693461533.016:25): pid=1 uid=0 auid=4294967295 ses=4294967295 subj=unconfined msg='unit=dracut-shutdown comm="systemd" exe="/usr/lib/systemd/systemd" hostname=? addr=? terminal=? res=success'
Aug 31 13:58:53 openeuler-riscv64 systemd[1]: Finished Update RTC With System Clock.
░░ Subject: A start job for unit hwclock-save.service has finished successfully
░░ Defined-By: systemd
░░ Support: https://lists.freedesktop.org/mailman/listinfo/systemd-devel
░░ 
░░ A start job for unit hwclock-save.service has finished successfully.
░░ 
░░ The job identifier is 40.
Aug 31 13:58:53 openeuler-riscv64 audit[1]: SERVICE_START pid=1 uid=0 auid=4294967295 ses=4294967295 subj=unconfined msg='unit=hwclock-save comm="systemd" exe="/usr/lib/systemd/systemd" hostname=? addr=? terminal=? res=success'
Aug 31 13:58:53 openeuler-riscv64 kernel: audit: type=1130 audit(1693461533.024:26): pid=1 uid=0 auid=4294967295 ses=4294967295 subj=unconfined msg='unit=hwclock-save comm="systemd" exe="/usr/lib/systemd/systemd" hostname=? addr=? terminal=? res=success'
Aug 31 13:58:53 openeuler-riscv64 systemd[1]: Started D-Bus System Message Bus.
░░ Subject: A start job for unit dbus.service has finished successfully
░░ Defined-By: systemd
░░ Support: https://lists.freedesktop.org/mailman/listinfo/systemd-devel
░░ 
░░ A start job for unit dbus.service has finished successfully.
░░ 
░░ The job identifier is 102.
Aug 31 13:58:53 openeuler-riscv64 audit[1]: SERVICE_START pid=1 uid=0 auid=4294967295 ses=4294967295 subj=unconfined msg='unit=dbus comm="systemd" exe="/usr/lib/systemd/systemd" hostname=? addr=? terminal=? res=success'
Aug 31 13:58:53 openeuler-riscv64 kernel: audit: type=1130 audit(1693461533.064:27): pid=1 uid=0 auid=4294967295 ses=4294967295 subj=unconfined msg='unit=dbus comm="systemd" exe="/usr/lib/systemd/systemd" hostname=? addr=? terminal=? res=success'
Aug 31 13:58:53 openeuler-riscv64 systemd[1]: Starting Network Manager...
░░ Subject: A start job for unit NetworkManager.service has begun execution
░░ Defined-By: systemd
░░ Support: https://lists.freedesktop.org/mailman/listinfo/systemd-devel
░░ 
░░ A start job for unit NetworkManager.service has begun execution.
░░ 
░░ The job identifier is 79.
Aug 31 13:58:53 openeuler-riscv64 systemd-logind[270]: New seat seat0.
░░ Subject: A new seat seat0 is now available
░░ Defined-By: systemd
░░ Support: https://lists.freedesktop.org/mailman/listinfo/systemd-devel
░░ Documentation: sd-login(3)
░░ 
░░ A new seat seat0 has been configured and is now available.
Aug 31 13:58:53 openeuler-riscv64 systemd[1]: Started User Login Management.
░░ Subject: A start job for unit systemd-logind.service has finished successfully
░░ Defined-By: systemd
░░ Support: https://lists.freedesktop.org/mailman/listinfo/systemd-devel
░░ 
░░ A start job for unit systemd-logind.service has finished successfully.
░░ 
░░ The job identifier is 83.
Aug 31 13:58:53 openeuler-riscv64 audit[1]: SERVICE_START pid=1 uid=0 auid=4294967295 ses=4294967295 subj=unconfined msg='unit=systemd-logind comm="systemd" exe="/usr/lib/systemd/systemd" hostname=? addr=? terminal=? res=success'
Aug 31 13:58:53 openeuler-riscv64 kernel: audit: type=1130 audit(1693461533.376:28): pid=1 uid=0 auid=4294967295 ses=4294967295 subj=unconfined msg='unit=systemd-logind comm="systemd" exe="/usr/lib/systemd/systemd" hostname=? addr=? terminal=? res=success'
Aug 31 13:58:53 openeuler-riscv64 NetworkManager[272]: <info>  [1693461533.5733] NetworkManager (version 1.42.8-3.oe2309) is starting... (boot:a06ea867-a52b-48ef-97c6-5a8eaa6afac8)
Aug 31 13:58:53 openeuler-riscv64 NetworkManager[272]: <info>  [1693461533.5749] Read config: /etc/NetworkManager/NetworkManager.conf
Aug 31 13:58:53 openeuler-riscv64 systemd[1]: Started Network Manager.
░░ Subject: A start job for unit NetworkManager.service has finished successfully
░░ Defined-By: systemd
░░ Support: https://lists.freedesktop.org/mailman/listinfo/systemd-devel
░░ 
░░ A start job for unit NetworkManager.service has finished successfully.
░░ 
░░ The job identifier is 79.
Aug 31 13:58:53 openeuler-riscv64 NetworkManager[272]: <info>  [1693461533.6364] bus-manager: acquired D-Bus service "org.freedesktop.NetworkManager"
Aug 31 13:58:53 openeuler-riscv64 audit[1]: SERVICE_START pid=1 uid=0 auid=4294967295 ses=4294967295 subj=unconfined msg='unit=NetworkManager comm="systemd" exe="/usr/lib/systemd/systemd" hostname=? addr=? terminal=? res=success'
Aug 31 13:58:53 openeuler-riscv64 kernel: audit: type=1130 audit(1693461533.636:29): pid=1 uid=0 auid=4294967295 ses=4294967295 subj=unconfined msg='unit=NetworkManager comm="systemd" exe="/usr/lib/systemd/systemd" hostname=? addr=? terminal=? res=success'
Aug 31 13:58:53 openeuler-riscv64 systemd[1]: Reached target Network.
░░ Subject: A start job for unit network.target has finished successfully
░░ Defined-By: systemd
░░ Support: https://lists.freedesktop.org/mailman/listinfo/systemd-devel
░░ 
░░ A start job for unit network.target has finished successfully.
░░ 
░░ The job identifier is 80.
Aug 31 13:58:53 openeuler-riscv64 systemd[1]: Starting Network Manager Wait Online...
░░ Subject: A start job for unit NetworkManager-wait-online.service has begun execution
░░ Defined-By: systemd
░░ Support: https://lists.freedesktop.org/mailman/listinfo/systemd-devel
░░ 
░░ A start job for unit NetworkManager-wait-online.service has begun execution.
░░ 
░░ The job identifier is 78.
Aug 31 13:58:53 openeuler-riscv64 systemd[1]: Starting /etc/rc.d/rc.local Compatibility...
░░ Subject: A start job for unit rc-local.service has begun execution
░░ Defined-By: systemd
░░ Support: https://lists.freedesktop.org/mailman/listinfo/systemd-devel
░░ 
░░ A start job for unit rc-local.service has begun execution.
░░ 
░░ The job identifier is 101.
Aug 31 13:58:53 openeuler-riscv64 systemd[1]: Starting OpenSSH server daemon...
░░ Subject: A start job for unit sshd.service has begun execution
░░ Defined-By: systemd
░░ Support: https://lists.freedesktop.org/mailman/listinfo/systemd-devel
░░ 
░░ A start job for unit sshd.service has begun execution.
░░ 
░░ The job identifier is 86.
Aug 31 13:58:53 openeuler-riscv64 NetworkManager[272]: <info>  [1693461533.7359] manager[0x2acb526630]: monitoring kernel firmware directory '/lib/firmware'.
Aug 31 13:58:53 openeuler-riscv64 systemd[1]: Starting Permit User Sessions...
░░ Subject: A start job for unit systemd-user-sessions.service has begun execution
░░ Defined-By: systemd
░░ Support: https://lists.freedesktop.org/mailman/listinfo/systemd-devel
░░ 
░░ A start job for unit systemd-user-sessions.service has begun execution.
░░ 
░░ The job identifier is 81.
Aug 31 13:58:53 openeuler-riscv64 dbus-daemon[264]: [system] Activating via systemd: service name='org.freedesktop.hostname1' unit='dbus-org.freedesktop.hostname1.service' requested by ':1.3' (uid=0 pid=272 comm="/usr/sbin/NetworkManager --no-daemon")
Aug 31 13:58:53 openeuler-riscv64 systemd[1]: Started /etc/rc.d/rc.local Compatibility.
░░ Subject: A start job for unit rc-local.service has finished successfully
░░ Defined-By: systemd
░░ Support: https://lists.freedesktop.org/mailman/listinfo/systemd-devel
░░ 
░░ A start job for unit rc-local.service has finished successfully.
░░ 
░░ The job identifier is 101.
Aug 31 13:58:53 openeuler-riscv64 audit[1]: SERVICE_START pid=1 uid=0 auid=4294967295 ses=4294967295 subj=unconfined msg='unit=rc-local comm="systemd" exe="/usr/lib/systemd/systemd" hostname=? addr=? terminal=? res=success'
Aug 31 13:58:53 openeuler-riscv64 systemd[1]: Starting Hostname Service...
░░ Subject: A start job for unit systemd-hostnamed.service has begun execution
░░ Defined-By: systemd
░░ Support: https://lists.freedesktop.org/mailman/listinfo/systemd-devel
░░ 
░░ A start job for unit systemd-hostnamed.service has begun execution.
░░ 
░░ The job identifier is 114.
Aug 31 13:58:53 openeuler-riscv64 systemd[1]: Finished Permit User Sessions.
░░ Subject: A start job for unit systemd-user-sessions.service has finished successfully
░░ Defined-By: systemd
░░ Support: https://lists.freedesktop.org/mailman/listinfo/systemd-devel
░░ 
░░ A start job for unit systemd-user-sessions.service has finished successfully.
░░ 
░░ The job identifier is 81.
Aug 31 13:58:53 openeuler-riscv64 audit[1]: SERVICE_START pid=1 uid=0 auid=4294967295 ses=4294967295 subj=unconfined msg='unit=systemd-user-sessions comm="systemd" exe="/usr/lib/systemd/systemd" hostname=? addr=? terminal=? res=success'
Aug 31 13:58:53 openeuler-riscv64 systemd[1]: Started Command Scheduler.
░░ Subject: A start job for unit crond.service has finished successfully
░░ Defined-By: systemd
░░ Support: https://lists.freedesktop.org/mailman/listinfo/systemd-devel
░░ 
░░ A start job for unit crond.service has finished successfully.
░░ 
░░ The job identifier is 106.
Aug 31 13:58:53 openeuler-riscv64 audit[1]: SERVICE_START pid=1 uid=0 auid=4294967295 ses=4294967295 subj=unconfined msg='unit=crond comm="systemd" exe="/usr/lib/systemd/systemd" hostname=? addr=? terminal=? res=success'
Aug 31 13:58:53 openeuler-riscv64 systemd[1]: Started Getty on tty1.
░░ Subject: A start job for unit getty@tty1.service has finished successfully
░░ Defined-By: systemd
░░ Support: https://lists.freedesktop.org/mailman/listinfo/systemd-devel
░░ 
░░ A start job for unit getty@tty1.service has finished successfully.
░░ 
░░ The job identifier is 99.
Aug 31 13:58:53 openeuler-riscv64 audit[1]: SERVICE_START pid=1 uid=0 auid=4294967295 ses=4294967295 subj=unconfined msg='unit=getty@tty1 comm="systemd" exe="/usr/lib/systemd/systemd" hostname=? addr=? terminal=? res=success'
Aug 31 13:58:53 openeuler-riscv64 crond[290]: (CRON) STARTUP (1.6.1)
Aug 31 13:58:53 openeuler-riscv64 crond[290]: (CRON) INFO (Syslog will be used instead of sendmail.)
Aug 31 13:58:53 openeuler-riscv64 crond[290]: (CRON) INFO (RANDOM_DELAY will be scaled with factor 82% if used.)
Aug 31 13:58:53 openeuler-riscv64 crond[290]: (CRON) INFO (running with inotify support)
Aug 31 13:58:54 openeuler-riscv64 systemd[1]: Started Serial Getty on ttyS0.
░░ Subject: A start job for unit serial-getty@ttyS0.service has finished successfully
░░ Defined-By: systemd
░░ Support: https://lists.freedesktop.org/mailman/listinfo/systemd-devel
░░ 
░░ A start job for unit serial-getty@ttyS0.service has finished successfully.
░░ 
░░ The job identifier is 94.
Aug 31 13:58:54 openeuler-riscv64 audit[1]: SERVICE_START pid=1 uid=0 auid=4294967295 ses=4294967295 subj=unconfined msg='unit=serial-getty@ttyS0 comm="systemd" exe="/usr/lib/systemd/systemd" hostname=? addr=? terminal=? res=success'
Aug 31 13:58:54 openeuler-riscv64 systemd[1]: Reached target Login Prompts.
░░ Subject: A start job for unit getty.target has finished successfully
░░ Defined-By: systemd
░░ Support: https://lists.freedesktop.org/mailman/listinfo/systemd-devel
░░ 
░░ A start job for unit getty.target has finished successfully.
░░ 
░░ The job identifier is 93.
Aug 31 13:58:54 openeuler-riscv64 sshd[278]: Server listening on 0.0.0.0 port 22.
Aug 31 13:58:54 openeuler-riscv64 sshd[278]: Server listening on :: port 22.
Aug 31 13:58:54 openeuler-riscv64 audit[1]: SERVICE_START pid=1 uid=0 auid=4294967295 ses=4294967295 subj=unconfined msg='unit=sshd comm="systemd" exe="/usr/lib/systemd/systemd" hostname=? addr=? terminal=? res=success'
Aug 31 13:58:54 openeuler-riscv64 systemd[1]: Started OpenSSH server daemon.
░░ Subject: A start job for unit sshd.service has finished successfully
░░ Defined-By: systemd
░░ Support: https://lists.freedesktop.org/mailman/listinfo/systemd-devel
░░ 
░░ A start job for unit sshd.service has finished successfully.
░░ 
░░ The job identifier is 86.
Aug 31 13:58:54 openeuler-riscv64 systemd[1]: Reached target Multi-User System.
░░ Subject: A start job for unit multi-user.target has finished successfully
░░ Defined-By: systemd
░░ Support: https://lists.freedesktop.org/mailman/listinfo/systemd-devel
░░ 
░░ A start job for unit multi-user.target has finished successfully.
░░ 
░░ The job identifier is 2.
Aug 31 13:58:54 openeuler-riscv64 systemd[1]: Reached target Graphical Interface.
░░ Subject: A start job for unit graphical.target has finished successfully
░░ Defined-By: systemd
░░ Support: https://lists.freedesktop.org/mailman/listinfo/systemd-devel
░░ 
░░ A start job for unit graphical.target has finished successfully.
░░ 
░░ The job identifier is 1.
Aug 31 13:58:54 openeuler-riscv64 systemd[1]: Starting Record Runlevel Change in UTMP...
░░ Subject: A start job for unit systemd-update-utmp-runlevel.service has begun execution
░░ Defined-By: systemd
░░ Support: https://lists.freedesktop.org/mailman/listinfo/systemd-devel
░░ 
░░ A start job for unit systemd-update-utmp-runlevel.service has begun execution.
░░ 
░░ The job identifier is 104.
Aug 31 13:58:54 openeuler-riscv64 audit[293]: SYSTEM_RUNLEVEL pid=293 uid=0 auid=4294967295 ses=4294967295 subj=unconfined msg='old-level=N new-level=5 comm="systemd-update-utmp" exe="/usr/lib/systemd/systemd-update-utmp" hostname=? addr=? terminal=? res=success'
Aug 31 13:58:54 openeuler-riscv64 systemd[1]: systemd-update-utmp-runlevel.service: Deactivated successfully.
░░ Subject: Unit succeeded
░░ Defined-By: systemd
░░ Support: https://lists.freedesktop.org/mailman/listinfo/systemd-devel
░░ 
░░ The unit systemd-update-utmp-runlevel.service has successfully entered the 'dead' state.
Aug 31 13:58:54 openeuler-riscv64 systemd[1]: Finished Record Runlevel Change in UTMP.
░░ Subject: A start job for unit systemd-update-utmp-runlevel.service has finished successfully
░░ Defined-By: systemd
░░ Support: https://lists.freedesktop.org/mailman/listinfo/systemd-devel
░░ 
░░ A start job for unit systemd-update-utmp-runlevel.service has finished successfully.
░░ 
░░ The job identifier is 104.
Aug 31 13:58:54 openeuler-riscv64 audit[1]: SERVICE_START pid=1 uid=0 auid=4294967295 ses=4294967295 subj=unconfined msg='unit=systemd-update-utmp-runlevel comm="systemd" exe="/usr/lib/systemd/systemd" hostname=? addr=? terminal=? res=success'
Aug 31 13:58:54 openeuler-riscv64 audit[1]: SERVICE_STOP pid=1 uid=0 auid=4294967295 ses=4294967295 subj=unconfined msg='unit=systemd-update-utmp-runlevel comm="systemd" exe="/usr/lib/systemd/systemd" hostname=? addr=? terminal=? res=success'
Aug 31 13:58:54 openeuler-riscv64 dbus-daemon[264]: [system] Successfully activated service 'org.freedesktop.hostname1'
Aug 31 13:58:54 openeuler-riscv64 systemd[1]: Started Hostname Service.
░░ Subject: A start job for unit systemd-hostnamed.service has finished successfully
░░ Defined-By: systemd
░░ Support: https://lists.freedesktop.org/mailman/listinfo/systemd-devel
░░ 
░░ A start job for unit systemd-hostnamed.service has finished successfully.
░░ 
░░ The job identifier is 114.
Aug 31 13:58:54 openeuler-riscv64 audit[1]: SERVICE_START pid=1 uid=0 auid=4294967295 ses=4294967295 subj=unconfined msg='unit=systemd-hostnamed comm="systemd" exe="/usr/lib/systemd/systemd" hostname=? addr=? terminal=? res=success'
Aug 31 13:58:54 openeuler-riscv64 NetworkManager[272]: <info>  [1693461534.4087] hostname: hostname: using hostnamed
Aug 31 13:58:54 openeuler-riscv64 NetworkManager[272]: <info>  [1693461534.4107] hostname: static hostname changed from (none) to "openeuler-riscv64"
Aug 31 13:58:54 openeuler-riscv64 NetworkManager[272]: <info>  [1693461534.4205] dns-mgr: init: dns=default rc-manager=symlink
Aug 31 13:58:54 openeuler-riscv64 NetworkManager[272]: <info>  [1693461534.4914] manager[0x2acb526630]: rfkill: Wi-Fi hardware radio set enabled
Aug 31 13:58:54 openeuler-riscv64 NetworkManager[272]: <info>  [1693461534.4918] manager[0x2acb526630]: rfkill: WWAN hardware radio set enabled
Aug 31 13:58:54 openeuler-riscv64 NetworkManager[272]: <info>  [1693461534.5461] Loaded device plugin: NMOvsFactory (/usr/lib64/NetworkManager/1.42.8-3.oe2309/libnm-device-plugin-ovs.so)
Aug 31 13:58:54 openeuler-riscv64 NetworkManager[272]: <info>  [1693461534.5541] Loaded device plugin: NMWifiFactory (/usr/lib64/NetworkManager/1.42.8-3.oe2309/libnm-device-plugin-wifi.so)
Aug 31 13:58:54 openeuler-riscv64 NetworkManager[272]: <info>  [1693461534.5611] Loaded device plugin: NMAtmManager (/usr/lib64/NetworkManager/1.42.8-3.oe2309/libnm-device-plugin-adsl.so)
Aug 31 13:58:54 openeuler-riscv64 NetworkManager[272]: <info>  [1693461534.5653] manager: rfkill: Wi-Fi enabled by radio killswitch; enabled by state file
Aug 31 13:58:54 openeuler-riscv64 NetworkManager[272]: <info>  [1693461534.5674] manager: rfkill: WWAN enabled by radio killswitch; enabled by state file
Aug 31 13:58:54 openeuler-riscv64 NetworkManager[272]: <info>  [1693461534.5683] manager: Networking is enabled by state file
Aug 31 13:58:54 openeuler-riscv64 dbus-daemon[264]: [system] Activating via systemd: service name='org.freedesktop.nm_dispatcher' unit='dbus-org.freedesktop.nm-dispatcher.service' requested by ':1.3' (uid=0 pid=272 comm="/usr/sbin/NetworkManager --no-daemon")
Aug 31 13:58:54 openeuler-riscv64 NetworkManager[272]: <info>  [1693461534.5828] settings: Loaded settings plugin: ifcfg-rh ("/usr/lib64/NetworkManager/1.42.8-3.oe2309/libnm-settings-plugin-ifcfg-rh.so")
Aug 31 13:58:54 openeuler-riscv64 NetworkManager[272]: <info>  [1693461534.5839] settings: Loaded settings plugin: keyfile (internal)
Aug 31 13:58:54 openeuler-riscv64 NetworkManager[272]: <info>  [1693461534.6172] dhcp: init: default DHCP client 'dhclient' is not available
Aug 31 13:58:54 openeuler-riscv64 NetworkManager[272]: <info>  [1693461534.6187] dhcp: init: Using DHCP client 'internal'
Aug 31 13:58:54 openeuler-riscv64 NetworkManager[272]: <info>  [1693461534.6266] manager: (lo): new Loopback device (/org/freedesktop/NetworkManager/Devices/1)
Aug 31 13:58:54 openeuler-riscv64 systemd[1]: Starting Network Manager Script Dispatcher Service...
░░ Subject: A start job for unit NetworkManager-dispatcher.service has begun execution
░░ Defined-By: systemd
░░ Support: https://lists.freedesktop.org/mailman/listinfo/systemd-devel
░░ 
░░ A start job for unit NetworkManager-dispatcher.service has begun execution.
░░ 
░░ The job identifier is 186.
Aug 31 13:58:54 openeuler-riscv64 NetworkManager[272]: <info>  [1693461534.6879] device (lo): state change: unmanaged -> unavailable (reason 'connection-assumed', sys-iface-state: 'external')
Aug 31 13:58:54 openeuler-riscv64 NetworkManager[272]: <info>  [1693461534.6957] device (lo): state change: unavailable -> disconnected (reason 'connection-assumed', sys-iface-state: 'external')
Aug 31 13:58:54 openeuler-riscv64 NetworkManager[272]: <info>  [1693461534.7081] device (lo): Activation: starting connection 'lo' (799ad4c6-cef8-455d-adc1-a3b2180b64b6)
Aug 31 13:58:54 openeuler-riscv64 NetworkManager[272]: <info>  [1693461534.7214] manager: (enp0s2): new Ethernet device (/org/freedesktop/NetworkManager/Devices/2)
Aug 31 13:58:54 openeuler-riscv64 dbus-daemon[264]: [system] Successfully activated service 'org.freedesktop.nm_dispatcher'
Aug 31 13:58:54 openeuler-riscv64 systemd[1]: Started Network Manager Script Dispatcher Service.
░░ Subject: A start job for unit NetworkManager-dispatcher.service has finished successfully
░░ Defined-By: systemd
░░ Support: https://lists.freedesktop.org/mailman/listinfo/systemd-devel
░░ 
░░ A start job for unit NetworkManager-dispatcher.service has finished successfully.
░░ 
░░ The job identifier is 186.
Aug 31 13:58:54 openeuler-riscv64 audit[1]: SERVICE_START pid=1 uid=0 auid=4294967295 ses=4294967295 subj=unconfined msg='unit=NetworkManager-dispatcher comm="systemd" exe="/usr/lib/systemd/systemd" hostname=? addr=? terminal=? res=success'
Aug 31 13:58:54 openeuler-riscv64 NetworkManager[272]: <info>  [1693461534.7425] settings: (enp0s2): created default wired connection 'Wired connection 1'
Aug 31 13:58:54 openeuler-riscv64 NetworkManager[272]: <info>  [1693461534.7435] device (enp0s2): state change: unmanaged -> unavailable (reason 'managed', sys-iface-state: 'external')
Aug 31 13:58:54 openeuler-riscv64 NetworkManager[272]: <info>  [1693461534.8102] ovsdb: disconnected from ovsdb
Aug 31 13:58:54 openeuler-riscv64 NetworkManager[272]: <info>  [1693461534.8123] device (lo): state change: disconnected -> prepare (reason 'none', sys-iface-state: 'external')
Aug 31 13:58:54 openeuler-riscv64 NetworkManager[272]: <info>  [1693461534.8153] device (lo): state change: prepare -> config (reason 'none', sys-iface-state: 'external')
Aug 31 13:58:54 openeuler-riscv64 NetworkManager[272]: <info>  [1693461534.8176] device (lo): state change: config -> ip-config (reason 'none', sys-iface-state: 'external')
Aug 31 13:58:54 openeuler-riscv64 NetworkManager[272]: <info>  [1693461534.8207] device (enp0s2): carrier: link connected
Aug 31 13:58:54 openeuler-riscv64 NetworkManager[272]: <info>  [1693461534.8271] device (lo): state change: ip-config -> ip-check (reason 'none', sys-iface-state: 'external')
Aug 31 13:58:54 openeuler-riscv64 NetworkManager[272]: <info>  [1693461534.8332] device (enp0s2): state change: unavailable -> disconnected (reason 'carrier-changed', sys-iface-state: 'managed')
Aug 31 13:58:54 openeuler-riscv64 NetworkManager[272]: <info>  [1693461534.8568] policy: auto-activating connection 'Wired connection 1' (1c7c1773-d69a-3164-a58f-8ca552dab2a6)
Aug 31 13:58:54 openeuler-riscv64 NetworkManager[272]: <info>  [1693461534.8618] device (enp0s2): Activation: starting connection 'Wired connection 1' (1c7c1773-d69a-3164-a58f-8ca552dab2a6)
Aug 31 13:58:54 openeuler-riscv64 NetworkManager[272]: <info>  [1693461534.8638] device (enp0s2): state change: disconnected -> prepare (reason 'none', sys-iface-state: 'managed')
Aug 31 13:58:54 openeuler-riscv64 NetworkManager[272]: <info>  [1693461534.8659] manager: NetworkManager state is now CONNECTING
Aug 31 13:58:54 openeuler-riscv64 NetworkManager[272]: <info>  [1693461534.8692] device (enp0s2): state change: prepare -> config (reason 'none', sys-iface-state: 'managed')
Aug 31 13:58:54 openeuler-riscv64 NetworkManager[272]: <info>  [1693461534.8780] device (enp0s2): state change: config -> ip-config (reason 'none', sys-iface-state: 'managed')
Aug 31 13:58:54 openeuler-riscv64 NetworkManager[272]: <info>  [1693461534.8915] dhcp4 (enp0s2): activation: beginning transaction (timeout in 45 seconds)
Aug 31 13:58:54 openeuler-riscv64 NetworkManager[272]: <info>  [1693461534.9304] dhcp4 (enp0s2): state changed new lease, address=10.0.2.15
Aug 31 13:58:54 openeuler-riscv64 NetworkManager[272]: <info>  [1693461534.9415] policy: set 'Wired connection 1' (enp0s2) as default for IPv4 routing and DNS
Aug 31 13:58:55 openeuler-riscv64 NetworkManager[272]: <info>  [1693461535.0342] device (lo): state change: ip-check -> secondaries (reason 'none', sys-iface-state: 'external')
Aug 31 13:58:55 openeuler-riscv64 NetworkManager[272]: <info>  [1693461535.0451] device (enp0s2): state change: ip-config -> ip-check (reason 'none', sys-iface-state: 'managed')
Aug 31 13:58:55 openeuler-riscv64 NetworkManager[272]: <info>  [1693461535.0515] device (lo): state change: secondaries -> activated (reason 'none', sys-iface-state: 'external')
Aug 31 13:58:55 openeuler-riscv64 NetworkManager[272]: <info>  [1693461535.0608] device (lo): Activation: successful, device activated.
Aug 31 13:58:55 openeuler-riscv64 NetworkManager[272]: <info>  [1693461535.1397] device (enp0s2): state change: ip-check -> secondaries (reason 'none', sys-iface-state: 'managed')
Aug 31 13:58:55 openeuler-riscv64 NetworkManager[272]: <info>  [1693461535.1421] device (enp0s2): state change: secondaries -> activated (reason 'none', sys-iface-state: 'managed')
Aug 31 13:58:55 openeuler-riscv64 NetworkManager[272]: <info>  [1693461535.1496] manager: NetworkManager state is now CONNECTED_SITE
Aug 31 13:58:55 openeuler-riscv64 NetworkManager[272]: <info>  [1693461535.1556] device (enp0s2): Activation: successful, device activated.
Aug 31 13:58:55 openeuler-riscv64 NetworkManager[272]: <info>  [1693461535.1607] manager: NetworkManager state is now CONNECTED_GLOBAL
Aug 31 13:58:55 openeuler-riscv64 NetworkManager[272]: <info>  [1693461535.1686] manager: startup complete
Aug 31 13:58:55 openeuler-riscv64 systemd[1]: Finished Network Manager Wait Online.
░░ Subject: A start job for unit NetworkManager-wait-online.service has finished successfully
░░ Defined-By: systemd
░░ Support: https://lists.freedesktop.org/mailman/listinfo/systemd-devel
░░ 
░░ A start job for unit NetworkManager-wait-online.service has finished successfully.
░░ 
░░ The job identifier is 78.
Aug 31 13:58:55 openeuler-riscv64 audit[1]: SERVICE_START pid=1 uid=0 auid=4294967295 ses=4294967295 subj=unconfined msg='unit=NetworkManager-wait-online comm="systemd" exe="/usr/lib/systemd/systemd" hostname=? addr=? terminal=? res=success'
Aug 31 13:58:55 openeuler-riscv64 systemd[1]: Reached target Network is Online.
░░ Subject: A start job for unit network-online.target has finished successfully
░░ Defined-By: systemd
░░ Support: https://lists.freedesktop.org/mailman/listinfo/systemd-devel
░░ 
░░ A start job for unit network-online.target has finished successfully.
░░ 
░░ The job identifier is 77.
Aug 31 13:58:55 openeuler-riscv64 systemd[1]: Startup finished in 1.593s (kernel) + 6.849s (userspace) = 8.443s.
░░ Subject: System start-up is now complete
░░ Defined-By: systemd
░░ Support: https://lists.freedesktop.org/mailman/listinfo/systemd-devel
░░ 
░░ All system services necessary queued for starting at boot have been
░░ started. Note that this does not mean that the machine is now idle as services
░░ might still be busy with completing start-up.
░░ 
░░ Kernel start-up required 1593875 microseconds.
░░ 
░░ Initrd start-up required INITRD_USEC microseconds.
░░ 
░░ Userspace start-up required 6849354 microseconds.
Aug 31 13:58:55 openeuler-riscv64 audit[317]: CRYPTO_KEY_USER pid=317 uid=0 auid=4294967295 ses=4294967295 subj=unconfined msg='op=destroy kind=server fp=SHA256:f0:fc:6c:f0:5c:27:85:77:b5:3d:4b:14:c0:8f:84:a2:92:e6:42:f7:f0:8f:8d:ba:eb:74:8f:9b:f3:5c:16:13 direction=? spid=317 suid=0  exe="/usr/sbin/sshd" hostname=? addr=10.0.2.2 terminal=? res=success'
Aug 31 13:58:55 openeuler-riscv64 audit[316]: CRYPTO_SESSION pid=316 uid=0 auid=4294967295 ses=4294967295 subj=unconfined msg='op=start direction=from-server cipher=aes128-ctr ksize=128 mac=hmac-sha2-256 pfs=curve25519-sha256@libssh.org spid=317 suid=74 rport=33210 laddr=10.0.2.15 lport=22  exe="/usr/sbin/sshd" hostname=? addr=10.0.2.2 terminal=? res=success'
Aug 31 13:58:55 openeuler-riscv64 audit[316]: CRYPTO_SESSION pid=316 uid=0 auid=4294967295 ses=4294967295 subj=unconfined msg='op=start direction=from-client cipher=aes128-ctr ksize=128 mac=hmac-sha2-256 pfs=curve25519-sha256@libssh.org spid=317 suid=74 rport=33210 laddr=10.0.2.15 lport=22  exe="/usr/sbin/sshd" hostname=? addr=10.0.2.2 terminal=? res=success'
Aug 31 13:58:57 openeuler-riscv64 NetworkManager[272]: <info>  [1693461537.0335] policy: set 'Wired connection 1' (enp0s2) as default for IPv6 routing and DNS
Aug 31 13:58:59 openeuler-riscv64 audit[322]: CRYPTO_KEY_USER pid=322 uid=0 auid=4294967295 ses=4294967295 subj=unconfined msg='op=destroy kind=server fp=SHA256:f0:fc:6c:f0:5c:27:85:77:b5:3d:4b:14:c0:8f:84:a2:92:e6:42:f7:f0:8f:8d:ba:eb:74:8f:9b:f3:5c:16:13 direction=? spid=322 suid=0  exe="/usr/sbin/sshd" hostname=? addr=10.0.2.2 terminal=? res=success'
Aug 31 13:58:59 openeuler-riscv64 kernel: kauditd_printk_skb: 15 callbacks suppressed
Aug 31 13:58:59 openeuler-riscv64 kernel: audit: type=2404 audit(1693461539.720:45): pid=322 uid=0 auid=4294967295 ses=4294967295 subj=unconfined msg='op=destroy kind=server fp=SHA256:f0:fc:6c:f0:5c:27:85:77:b5:3d:4b:14:c0:8f:84:a2:92:e6:42:f7:f0:8f:8d:ba:eb:74:8f:9b:f3:5c:16:13 direction=? spid=322 suid=0  exe="/usr/sbin/sshd" hostname=? addr=10.0.2.2 terminal=? res=success'
Aug 31 13:58:59 openeuler-riscv64 audit[321]: CRYPTO_SESSION pid=321 uid=0 auid=4294967295 ses=4294967295 subj=unconfined msg='op=start direction=from-server cipher=aes128-ctr ksize=128 mac=hmac-sha2-256 pfs=curve25519-sha256@libssh.org spid=322 suid=74 rport=45626 laddr=10.0.2.15 lport=22  exe="/usr/sbin/sshd" hostname=? addr=10.0.2.2 terminal=? res=success'
Aug 31 13:58:59 openeuler-riscv64 kernel: audit: type=2407 audit(1693461539.728:46): pid=321 uid=0 auid=4294967295 ses=4294967295 subj=unconfined msg='op=start direction=from-server cipher=aes128-ctr ksize=128 mac=hmac-sha2-256 pfs=curve25519-sha256@libssh.org spid=322 suid=74 rport=45626 laddr=10.0.2.15 lport=22  exe="/usr/sbin/sshd" hostname=? addr=10.0.2.2 terminal=? res=success'
Aug 31 13:58:59 openeuler-riscv64 audit[321]: CRYPTO_SESSION pid=321 uid=0 auid=4294967295 ses=4294967295 subj=unconfined msg='op=start direction=from-client cipher=aes128-ctr ksize=128 mac=hmac-sha2-256 pfs=curve25519-sha256@libssh.org spid=322 suid=74 rport=45626 laddr=10.0.2.15 lport=22  exe="/usr/sbin/sshd" hostname=? addr=10.0.2.2 terminal=? res=success'
Aug 31 13:58:59 openeuler-riscv64 kernel: audit: type=2407 audit(1693461539.732:47): pid=321 uid=0 auid=4294967295 ses=4294967295 subj=unconfined msg='op=start direction=from-client cipher=aes128-ctr ksize=128 mac=hmac-sha2-256 pfs=curve25519-sha256@libssh.org spid=322 suid=74 rport=45626 laddr=10.0.2.15 lport=22  exe="/usr/sbin/sshd" hostname=? addr=10.0.2.2 terminal=? res=success'
Aug 31 13:58:59 openeuler-riscv64 audit[321]: USER_AUTH pid=321 uid=0 auid=4294967295 ses=4294967295 subj=unconfined msg='op=pubkey acct="root" exe="/usr/sbin/sshd" hostname=? addr=10.0.2.2 terminal=ssh res=failed'
Aug 31 13:58:59 openeuler-riscv64 kernel: audit: type=1100 audit(1693461539.892:48): pid=321 uid=0 auid=4294967295 ses=4294967295 subj=unconfined msg='op=pubkey acct="root" exe="/usr/sbin/sshd" hostname=? addr=10.0.2.2 terminal=ssh res=failed'
Aug 31 13:59:00 openeuler-riscv64 audit[321]: USER_AUTH pid=321 uid=0 auid=4294967295 ses=4294967295 subj=unconfined msg='op=pubkey acct="root" exe="/usr/sbin/sshd" hostname=? addr=10.0.2.2 terminal=ssh res=failed'
Aug 31 13:59:00 openeuler-riscv64 kernel: audit: type=1100 audit(1693461540.032:49): pid=321 uid=0 auid=4294967295 ses=4294967295 subj=unconfined msg='op=pubkey acct="root" exe="/usr/sbin/sshd" hostname=? addr=10.0.2.2 terminal=ssh res=failed'
Aug 31 13:59:00 openeuler-riscv64 audit[321]: USER_AUTH pid=321 uid=0 auid=4294967295 ses=4294967295 subj=unconfined msg='op=PAM:authentication grantors=pam_faillock,pam_unix acct="root" exe="/usr/sbin/sshd" hostname=10.0.2.2 addr=10.0.2.2 terminal=ssh res=success'
Aug 31 13:59:00 openeuler-riscv64 kernel: audit: type=1100 audit(1693461540.072:50): pid=321 uid=0 auid=4294967295 ses=4294967295 subj=unconfined msg='op=PAM:authentication grantors=pam_faillock,pam_unix acct="root" exe="/usr/sbin/sshd" hostname=10.0.2.2 addr=10.0.2.2 terminal=ssh res=success'
Aug 31 13:59:00 openeuler-riscv64 audit[321]: USER_ACCT pid=321 uid=0 auid=4294967295 ses=4294967295 subj=unconfined msg='op=PAM:accounting grantors=pam_unix,pam_localuser acct="root" exe="/usr/sbin/sshd" hostname=10.0.2.2 addr=10.0.2.2 terminal=ssh res=success'
Aug 31 13:59:00 openeuler-riscv64 sshd[321]: Accepted password for root from 10.0.2.2 port 45626 ssh2
Aug 31 13:59:00 openeuler-riscv64 kernel: audit: type=1101 audit(1693461540.084:51): pid=321 uid=0 auid=4294967295 ses=4294967295 subj=unconfined msg='op=PAM:accounting grantors=pam_unix,pam_localuser acct="root" exe="/usr/sbin/sshd" hostname=10.0.2.2 addr=10.0.2.2 terminal=ssh res=success'
Aug 31 13:59:00 openeuler-riscv64 kernel: audit: type=2404 audit(1693461540.084:52): pid=321 uid=0 auid=4294967295 ses=4294967295 subj=unconfined msg='op=destroy kind=session fp=? direction=both spid=322 suid=74 rport=45626 laddr=10.0.2.15 lport=22  exe="/usr/sbin/sshd" hostname=? addr=10.0.2.2 terminal=? res=success'
Aug 31 13:59:00 openeuler-riscv64 audit[321]: CRYPTO_KEY_USER pid=321 uid=0 auid=4294967295 ses=4294967295 subj=unconfined msg='op=destroy kind=session fp=? direction=both spid=322 suid=74 rport=45626 laddr=10.0.2.15 lport=22  exe="/usr/sbin/sshd" hostname=? addr=10.0.2.2 terminal=? res=success'
Aug 31 13:59:00 openeuler-riscv64 audit[321]: CRED_ACQ pid=321 uid=0 auid=4294967295 ses=4294967295 subj=unconfined msg='op=PAM:setcred grantors=pam_faillock,pam_unix acct="root" exe="/usr/sbin/sshd" hostname=10.0.2.2 addr=10.0.2.2 terminal=ssh res=success'
Aug 31 13:59:00 openeuler-riscv64 audit[321]: SYSCALL arch=c00000f3 syscall=64 success=yes exit=1 a0=3 a1=3fe3d581c0 a2=1 a3=0 items=0 ppid=278 pid=321 auid=0 uid=0 gid=0 euid=0 suid=0 fsuid=0 egid=0 sgid=0 fsgid=0 tty=(none) ses=1 comm="sshd" exe="/usr/sbin/sshd" subj=unconfined key=(null)
